Component: ARM Compiler 5.06 update 6 (build 750) Tool: armlink [4d35ed]

==============================================================================

Section Cross References

    startup_stm32f427xx.o(RESET) refers to startup_stm32f427xx.o(STACK) for __initial_sp
    startup_stm32f427xx.o(RESET) refers to startup_stm32f427xx.o(.text) for Reset_Handler
    startup_stm32f427xx.o(RESET) refers to stm32f4xx_it.o(i.NMI_Handler) for NMI_Handler
    startup_stm32f427xx.o(RESET) refers to stm32f4xx_it.o(i.HardFault_Handler) for HardFault_Handler
    startup_stm32f427xx.o(RESET) refers to stm32f4xx_it.o(i.MemManage_Handler) for MemManage_Handler
    startup_stm32f427xx.o(RESET) refers to stm32f4xx_it.o(i.BusFault_Handler) for BusFault_Handler
    startup_stm32f427xx.o(RESET) refers to stm32f4xx_it.o(i.UsageFault_Handler) for UsageFault_Handler
    startup_stm32f427xx.o(RESET) refers to stm32f4xx_it.o(i.DebugMon_Handler) for DebugMon_Handler
    startup_stm32f427xx.o(RESET) refers to can.o(i.CAN1_TX_IRQHandler) for CAN1_TX_IRQHandler
    startup_stm32f427xx.o(RESET) refers to can.o(i.CAN1_RX0_IRQHandler) for CAN1_RX0_IRQHandler
    startup_stm32f427xx.o(RESET) refers to timer.o(i.TIM3_IRQHandler) for TIM3_IRQHandler
    startup_stm32f427xx.o(RESET) refers to remote.o(i.USART1_IRQHandler) for USART1_IRQHandler
    startup_stm32f427xx.o(RESET) refers to timer.o(i.TIM6_DAC_IRQHandler) for TIM6_DAC_IRQHandler
    startup_stm32f427xx.o(RESET) refers to uart.o(i.USART6_IRQHandler) for USART6_IRQHandler
    startup_stm32f427xx.o(.text) refers to system_stm32f4xx.o(i.SystemInit) for SystemInit
    startup_stm32f427xx.o(.text) refers to entry.o(.ARM.Collect$$$$00000000) for __main
    system_stm32f4xx.o(i.SystemCoreClockUpdate) refers to system_stm32f4xx.o(.data) for SystemCoreClock
    system_stm32f4xx.o(i.SystemInit) refers to system_stm32f4xx.o(i.SetSysClock) for SetSysClock
    stm32f4xx_adc.o(i.ADC_DeInit) refers to stm32f4xx_rcc.o(i.RCC_APB2PeriphResetCmd) for RCC_APB2PeriphResetCmd
    stm32f4xx_can.o(i.CAN_DeInit) refers to stm32f4xx_rcc.o(i.RCC_APB1PeriphResetCmd) for RCC_APB1PeriphResetCmd
    stm32f4xx_can.o(i.CAN_GetITStatus) refers to stm32f4xx_can.o(i.CheckITStatus) for CheckITStatus
    stm32f4xx_cryp.o(i.CRYP_DeInit) refers to stm32f4xx_rcc.o(i.RCC_AHB2PeriphResetCmd) for RCC_AHB2PeriphResetCmd
    stm32f4xx_cryp_aes.o(i.CRYP_AES_CBC) refers to stm32f4xx_cryp.o(i.CRYP_KeyStructInit) for CRYP_KeyStructInit
    stm32f4xx_cryp_aes.o(i.CRYP_AES_CBC) refers to stm32f4xx_cryp.o(i.CRYP_FIFOFlush) for CRYP_FIFOFlush
    stm32f4xx_cryp_aes.o(i.CRYP_AES_CBC) refers to stm32f4xx_cryp.o(i.CRYP_Init) for CRYP_Init
    stm32f4xx_cryp_aes.o(i.CRYP_AES_CBC) refers to stm32f4xx_cryp.o(i.CRYP_KeyInit) for CRYP_KeyInit
    stm32f4xx_cryp_aes.o(i.CRYP_AES_CBC) refers to stm32f4xx_cryp.o(i.CRYP_Cmd) for CRYP_Cmd
    stm32f4xx_cryp_aes.o(i.CRYP_AES_CBC) refers to stm32f4xx_cryp.o(i.CRYP_GetFlagStatus) for CRYP_GetFlagStatus
    stm32f4xx_cryp_aes.o(i.CRYP_AES_CBC) refers to stm32f4xx_cryp.o(i.CRYP_IVInit) for CRYP_IVInit
    stm32f4xx_cryp_aes.o(i.CRYP_AES_CBC) refers to stm32f4xx_cryp.o(i.CRYP_GetCmdStatus) for CRYP_GetCmdStatus
    stm32f4xx_cryp_aes.o(i.CRYP_AES_CBC) refers to stm32f4xx_cryp.o(i.CRYP_DataIn) for CRYP_DataIn
    stm32f4xx_cryp_aes.o(i.CRYP_AES_CBC) refers to stm32f4xx_cryp.o(i.CRYP_DataOut) for CRYP_DataOut
    stm32f4xx_cryp_aes.o(i.CRYP_AES_CCM) refers to stm32f4xx_cryp.o(i.CRYP_KeyStructInit) for CRYP_KeyStructInit
    stm32f4xx_cryp_aes.o(i.CRYP_AES_CCM) refers to stm32f4xx_cryp.o(i.CRYP_FIFOFlush) for CRYP_FIFOFlush
    stm32f4xx_cryp_aes.o(i.CRYP_AES_CCM) refers to stm32f4xx_cryp.o(i.CRYP_KeyInit) for CRYP_KeyInit
    stm32f4xx_cryp_aes.o(i.CRYP_AES_CCM) refers to stm32f4xx_cryp.o(i.CRYP_IVInit) for CRYP_IVInit
    stm32f4xx_cryp_aes.o(i.CRYP_AES_CCM) refers to stm32f4xx_cryp.o(i.CRYP_Init) for CRYP_Init
    stm32f4xx_cryp_aes.o(i.CRYP_AES_CCM) refers to stm32f4xx_cryp.o(i.CRYP_PhaseConfig) for CRYP_PhaseConfig
    stm32f4xx_cryp_aes.o(i.CRYP_AES_CCM) refers to stm32f4xx_cryp.o(i.CRYP_DataIn) for CRYP_DataIn
    stm32f4xx_cryp_aes.o(i.CRYP_AES_CCM) refers to stm32f4xx_cryp.o(i.CRYP_Cmd) for CRYP_Cmd
    stm32f4xx_cryp_aes.o(i.CRYP_AES_CCM) refers to stm32f4xx_cryp.o(i.CRYP_GetCmdStatus) for CRYP_GetCmdStatus
    stm32f4xx_cryp_aes.o(i.CRYP_AES_CCM) refers to stm32f4xx_cryp.o(i.CRYP_GetFlagStatus) for CRYP_GetFlagStatus
    stm32f4xx_cryp_aes.o(i.CRYP_AES_CCM) refers to stm32f4xx_cryp.o(i.CRYP_DataOut) for CRYP_DataOut
    stm32f4xx_cryp_aes.o(i.CRYP_AES_CTR) refers to stm32f4xx_cryp.o(i.CRYP_KeyStructInit) for CRYP_KeyStructInit
    stm32f4xx_cryp_aes.o(i.CRYP_AES_CTR) refers to stm32f4xx_cryp.o(i.CRYP_KeyInit) for CRYP_KeyInit
    stm32f4xx_cryp_aes.o(i.CRYP_AES_CTR) refers to stm32f4xx_cryp.o(i.CRYP_Init) for CRYP_Init
    stm32f4xx_cryp_aes.o(i.CRYP_AES_CTR) refers to stm32f4xx_cryp.o(i.CRYP_IVInit) for CRYP_IVInit
[...]
    Removing spi.o(i.SPI5Init), (192 bytes).
    Removing spi.o(i.SPI5SetSpeedAndDataSize), (48 bytes).
    Removing spi.o(i.SPI5_DMA_Enable), (116 bytes).
    Removing spi.o(i.SPI5_DMA_Init), (248 bytes).
    Removing sys.o(.rev16_text), (4 bytes).
    Removing sys.o(.revsh_text), (4 bytes).
    Removing sys.o(.rrx_text), (6 bytes).
    Removing sys.o(.emb_text), (16 bytes).
    Removing timer.o(.rev16_text), (4 bytes).
    Removing timer.o(.revsh_text), (4 bytes).
    Removing timer.o(.rrx_text), (6 bytes).
    Removing timer.o(i.TIM12_Init), (76 bytes).
    Removing uart.o(.rev16_text), (4 bytes).
    Removing uart.o(.revsh_text), (4 bytes).
    Removing uart.o(.rrx_text), (6 bytes).
    Removing uart.o(i.UART_Printf), (94 bytes).
    Removing uart.o(i.UART_SendArr_16b), (158 bytes).
    Removing uart.o(i.UART_SendArr_64b), (158 bytes).
    Removing uart.o(i.UART_SendArr_8b), (152 bytes).
    Removing pwm.o(.rev16_text), (4 bytes).
    Removing pwm.o(.revsh_text), (4 bytes).
    Removing pwm.o(.rrx_text), (6 bytes).
    Removing remote.o(.rev16_text), (4 bytes).
    Removing remote.o(.revsh_text), (4 bytes).
    Removing remote.o(.rrx_text), (6 bytes).
    Removing remote.o(i.RC_abs), (16 bytes).
    Removing remote.o(i.RC_data_is_error), (152 bytes).
    Removing remote.o(i.slove_RC_lost), (10 bytes).
    Removing remote.o(i.slove_data_error), (10 bytes).
    Removing chassis.o(.rev16_text), (4 bytes).
    Removing chassis.o(.revsh_text), (4 bytes).
    Removing chassis.o(.rrx_text), (6 bytes).
    Removing chassis.o(i.CalcWheelSpeed), (264 bytes).
    Removing chassis.o(i.ChassisControl), (80 bytes).
    Removing chassis.o(.data), (36 bytes).
    Removing rm_esc.o(.rev16_text), (4 bytes).
    Removing rm_esc.o(.revsh_text), (4 bytes).
    Removing rm_esc.o(.rrx_text), (6 bytes).
    Removing rm_esc.o(i.RM_MotorDisable), (24 bytes).
    Removing rm_esc.o(i.RM_MotorSetCur), (52 bytes).
    Removing rm_esc.o(i.RM_MotorSetMode), (24 bytes).
    Removing rm_esc.o(i.RM_MotorSetPos), (104 bytes).
    Removing rm_esc.o(i.RM_MotorSetPos_), (84 bytes).
    Removing arm_cos_f32.o(.rev16_text), (4 bytes).
    Removing arm_cos_f32.o(.revsh_text), (4 bytes).
    Removing arm_cos_f32.o(.rrx_text), (6 bytes).
    Removing arm_cos_f32.o(.text), (120 bytes).
    Removing arm_sin_f32.o(.rev16_text), (4 bytes).
    Removing arm_sin_f32.o(.revsh_text), (4 bytes).
    Removing arm_sin_f32.o(.rrx_text), (6 bytes).
    Removing arm_sin_f32.o(.text), (116 bytes).
    Removing arm_common_tables.o(.rev16_text), (4 bytes).
    Removing arm_common_tables.o(.revsh_text), (4 bytes).
    Removing arm_common_tables.o(.rrx_text), (6 bytes).
    Removing arm_common_tables.o(.constdata), (2048 bytes).
    Removing arm_common_tables.o(.constdata), (128 bytes).
    Removing arm_common_tables.o(.constdata), (256 bytes).
    Removing arm_common_tables.o(.constdata), (512 bytes).
    Removing arm_common_tables.o(.constdata), (1024 bytes).
    Removing arm_common_tables.o(.constdata), (2048 bytes).
    Removing arm_common_tables.o(.constdata), (4096 bytes).
    Removing arm_common_tables.o(.constdata), (8192 bytes).
    Removing arm_common_tables.o(.constdata), (16384 bytes).
    Removing arm_common_tables.o(.constdata), (32768 bytes).
    Removing arm_common_tables.o(.constdata), (96 bytes).
    Removing arm_common_tables.o(.constdata), (192 bytes).
    Removing arm_common_tables.o(.constdata), (384 bytes).
    Removing arm_common_tables.o(.constdata), (768 bytes).
    Removing arm_common_tables.o(.constdata), (1536 bytes).
    Removing arm_common_tables.o(.constdata), (3072 bytes).
    Removing arm_common_tables.o(.constdata), (6144 bytes).
    Removing arm_common_tables.o(.constdata), (12288 bytes).
    Removing arm_common_tables.o(.constdata), (24576 bytes).
    Removing arm_common_tables.o(.constdata), (48 bytes).
    Removing arm_common_tables.o(.constdata), (96 bytes).
    Removing arm_common_tables.o(.constdata), (192 bytes).
    Removing arm_common_tables.o(.constdata), (384 bytes).
    Removing arm_common_tables.o(.constdata), (768 bytes).
    Removing arm_common_tables.o(.constdata), (1536 bytes).
    Removing arm_common_tables.o(.constdata), (3072 bytes).
    Removing arm_common_tables.o(.constdata), (6144 bytes).
    Removing arm_common_tables.o(.constdata), (12288 bytes).
    Removing arm_common_tables.o(.constdata), (128 bytes).
    Removing arm_common_tables.o(.constdata), (256 bytes).
    Removing arm_common_tables.o(.constdata), (40 bytes).
    Removing arm_common_tables.o(.constdata), (96 bytes).
    Removing arm_common_tables.o(.constdata), (112 bytes).
    Removing arm_common_tables.o(.constdata), (416 bytes).
    Removing arm_common_tables.o(.constdata), (880 bytes).
    Removing arm_common_tables.o(.constdata), (896 bytes).
    Removing arm_common_tables.o(.constdata), (3600 bytes).
    Removing arm_common_tables.o(.constdata), (7616 bytes).
    Removing arm_common_tables.o(.constdata), (8064 bytes).
    Removing arm_common_tables.o(.constdata), (24 bytes).
    Removing arm_common_tables.o(.constdata), (48 bytes).
    Removing arm_common_tables.o(.constdata), (112 bytes).
    Removing arm_common_tables.o(.constdata), (224 bytes).
    Removing arm_common_tables.o(.constdata), (480 bytes).
    Removing arm_common_tables.o(.constdata), (960 bytes).
    Removing arm_common_tables.o(.constdata), (1984 bytes).
    Removing arm_common_tables.o(.constdata), (3968 bytes).
    Removing arm_common_tables.o(.constdata), (8064 bytes).
    Removing arm_common_tables.o(.constdata), (128 bytes).
    Removing arm_common_tables.o(.constdata), (256 bytes).
    Removing arm_common_tables.o(.constdata), (512 bytes).
    Removing arm_common_tables.o(.constdata), (1024 bytes).
    Removing arm_common_tables.o(.constdata), (2048 bytes).
    Removing arm_common_tables.o(.constdata), (4096 bytes).
    Removing arm_common_tables.o(.constdata), (8192 bytes).
    Removing arm_common_tables.o(.constdata), (16384 bytes).
    Removing arm_common_tables.o(.constdata), (2052 bytes).
    Removing arm_common_tables.o(.constdata), (2052 bytes).
    Removing arm_common_tables.o(.constdata), (1026 bytes).
    Removing dadd.o(.text), (334 bytes).
    Removing dmul.o(.text), (228 bytes).
    Removing ddiv.o(.text), (222 bytes).
    Removing dfixul.o(.text), (48 bytes).
    Removing depilogue.o(.text), (186 bytes).

1065 unused section(s) (total 259261 bytes) removed from the image.

==============================================================================

Image Symbol Table

    Local Symbols

    Symbol Name                              Value     Ov Type        Size  Object(Section)

    ../clib/microlib/division.c              0x00000000   Number         0  uidiv.o ABSOLUTE
    ../clib/microlib/division.c              0x00000000   Number         0  uldiv.o ABSOLUTE
    ../clib/microlib/errno.c                 0x00000000   Number         0  errno.o ABSOLUTE
    ../clib/microlib/init/entry.s            0x00000000   Number         0  entry10a.o ABSOLUTE
    ../clib/microlib/init/entry.s            0x00000000   Number         0  entry2.o ABSOLUTE
    ../clib/microlib/init/entry.s            0x00000000   Number         0  entry9b.o ABSOLUTE
    ../clib/microlib/init/entry.s            0x00000000   Number         0  entry.o ABSOLUTE
    ../clib/microlib/init/entry.s            0x00000000   Number         0  entry9a.o ABSOLUTE
    ../clib/microlib/init/entry.s            0x00000000   Number         0  entry7b.o ABSOLUTE
    ../clib/microlib/init/entry.s            0x00000000   Number         0  entry8a.o ABSOLUTE
    ../clib/microlib/init/entry.s            0x00000000   Number         0  entry11b.o ABSOLUTE
    ../clib/microlib/init/entry.s            0x00000000   Number         0  entry8b.o ABSOLUTE
    ../clib/microlib/init/entry.s            0x00000000   Number         0  entry10b.o ABSOLUTE
    ../clib/microlib/init/entry.s            0x00000000   Number         0  entry11a.o ABSOLUTE
    ../clib/microlib/init/entry.s            0x00000000   Number         0  entry7a.o ABSOLUTE
    ../clib/microlib/init/entry.s            0x00000000   Number         0  entry5.o ABSOLUTE
    ../clib/microlib/longlong.c              0x00000000   Number         0  llsshr.o ABSOLUTE
    ../clib/microlib/longlong.c              0x00000000   Number         0  llushr.o ABSOLUTE
    ../clib/microlib/longlong.c              0x00000000   Number         0  llshl.o ABSOLUTE
    ../clib/microlib/printf/printf.c         0x00000000   Number         0  printfa.o ABSOLUTE
    ../clib/microlib/stdio/fputc.c           0x00000000   Number         0  fputc.o ABSOLUTE
    ../clib/microlib/stdio/semi.s            0x00000000   Number         0  semi.o ABSOLUTE
    ../clib/microlib/stdio/streams.c         0x00000000   Number         0  stdout.o ABSOLUTE
    ../clib/microlib/string/strlen.c         0x00000000   Number         0  strlen.o ABSOLUTE
    ../clib/microlib/stubs.s                 0x00000000   Number         0  iusesemip.o ABSOLUTE
    ../clib/microlib/stubs.s                 0x00000000   Number         0  iusefp.o ABSOLUTE
    ../fplib/microlib/d2f.c                  0x00000000   Number         0  d2f.o ABSOLUTE
    ../fplib/microlib/f2d.c                  0x00000000   Number         0  f2d.o ABSOLUTE
    ../fplib/microlib/fpadd.c                0x00000000   Number         0  dadd.o ABSOLUTE
    ../fplib/microlib/fpdiv.c                0x00000000   Number         0  ddiv.o ABSOLUTE
    ../fplib/microlib/fpepilogue.c           0x00000000   Number         0  depilogue.o ABSOLUTE
    ../fplib/microlib/fpepilogue.c           0x00000000   Number         0  fepilogue.o ABSOLUTE
    ../fplib/microlib/fpfix.c                0x00000000   Number         0  dfixul.o ABSOLUTE
    ../fplib/microlib/fpmul.c                0x00000000   Number         0  dmul.o ABSOLUTE
    ../mathlib/acosf.c                       0x00000000   Number         0  acosf_x.o ABSOLUTE
    ../mathlib/acosf.c                       0x00000000   Number         0  acosf.o ABSOLUTE
    ../mathlib/asinf.c                       0x00000000   Number         0  asinf_x.o ABSOLUTE
    ../mathlib/asinf.c                       0x00000000   Number         0  asinf.o ABSOLUTE
    ../mathlib/atan2f.c                      0x00000000   Number         0  atan2f_x.o ABSOLUTE
    ../mathlib/atan2f.c                      0x00000000   Number         0  atan2f.o ABSOLUTE
    ../mathlib/fabs.c                        0x00000000   Number         0  fabs.o ABSOLUTE
    ../mathlib/fpclassifyf.c                 0x00000000   Number         0  fpclassifyf.o ABSOLUTE
    ../mathlib/funder.c                      0x00000000   Number         0  funder.o ABSOLUTE
    ../mathlib/rredf.c                       0x00000000   Number         0  rredf.o ABSOLUTE
    ../mathlib/sqrtf.c                       0x00000000   Number         0  sqrtf_full_x.o ABSOLUTE
    ../mathlib/sqrtf.c                       0x00000000   Number         0  sqrtf_full.o ABSOLUTE
    ../mathlib/tanf.c                        0x00000000   Number         0  tanf_x.o ABSOLUTE
    ../mathlib/tanf.c                        0x00000000   Number         0  tanf.o ABSOLUTE
    ..\CMSIS\stm32f4xx_it.c                  0x00000000   Number         0  stm32f4xx_it.o ABSOLUTE
    ..\CMSIS\system_stm32f4xx.c              0x00000000   Number         0  system_stm32f4xx.o ABSOLUTE
    ..\CommonTables\arm_common_tables.c      0x00000000   Number         0  arm_common_tables.o ABSOLUTE
    ..\FWLIB\src\misc.c                      0x00000000   Number         0  misc.o ABSOLUTE
    ..\FWLIB\src\stm32f4xx_adc.c             0x00000000   Number         0  stm32f4xx_adc.o ABSOLUTE
    ..\FWLIB\src\stm32f4xx_can.c             0x00000000   Number         0  stm32f4xx_can.o ABSOLUTE
    ..\FWLIB\src\stm32f4xx_cec.c             0x00000000   Number         0  stm32f4xx_cec.o ABSOLUTE
    ..\FWLIB\src\stm32f4xx_crc.c             0x00000000   Number         0  stm32f4xx_crc.o ABSOLUTE
    ..\FWLIB\src\stm32f4xx_cryp.c            0x00000000   Number         0  stm32f4xx_cryp.o ABSOLUTE
    ..\FWLIB\src\stm32f4xx_cryp_aes.c        0x00000000   Number         0  stm32f4xx_cryp_aes.o ABSOLUTE
    ..\FWLIB\src\stm32f4xx_cryp_des.c        0x00000000   Number         0  stm32f4xx_cryp_des.o ABSOLUTE
    ..\FWLIB\src\stm32f4xx_cryp_tdes.c       0x00000000   Number         0  stm32f4xx_cryp_tdes.o ABSOLUTE
    ..\FWLIB\src\stm32f4xx_dac.c             0x00000000   Number         0  stm32f4xx_dac.o ABSOLUTE
    ..\FWLIB\src\stm32f4xx_dbgmcu.c          0x00000000   Number         0  stm32f4xx_dbgmcu.o ABSOLUTE
    ..\FWLIB\src\stm32f4xx_dcmi.c            0x00000000   Number         0  stm32f4xx_dcmi.o ABSOLUTE
    ..\FWLIB\src\stm32f4xx_dfsdm.c           0x00000000   Number         0  stm32f4xx_dfsdm.o ABSOLUTE
    ..\FWLIB\src\stm32f4xx_dma.c             0x00000000   Number         0  stm32f4xx_dma.o ABSOLUTE
    ..\FWLIB\src\stm32f4xx_dma2d.c           0x00000000   Number         0  stm32f4xx_dma2d.o ABSOLUTE
    ..\FWLIB\src\stm32f4xx_dsi.c             0x00000000   Number         0  stm32f4xx_dsi.o ABSOLUTE
    ..\FWLIB\src\stm32f4xx_exti.c            0x00000000   Number         0  stm32f4xx_exti.o ABSOLUTE
    ..\FWLIB\src\stm32f4xx_flash.c           0x00000000   Number         0  stm32f4xx_flash.o ABSOLUTE
    ..\FWLIB\src\stm32f4xx_flash_ramfunc.c   0x00000000   Number         0  stm32f4xx_flash_ramfunc.o ABSOLUTE
    ..\FWLIB\src\stm32f4xx_fmc.c             0x00000000   Number         0  stm32f4xx_fmc.o ABSOLUTE
    ..\FWLIB\src\stm32f4xx_fmpi2c.c          0x00000000   Number         0  stm32f4xx_fmpi2c.o ABSOLUTE
    ..\FWLIB\src\stm32f4xx_gpio.c            0x00000000   Number         0  stm32f4xx_gpio.o ABSOLUTE
    ..\FWLIB\src\stm32f4xx_hash.c            0x00000000   Number         0  stm32f4xx_hash.o ABSOLUTE
    ..\FWLIB\src\stm32f4xx_hash_md5.c        0x00000000   Number         0  stm32f4xx_hash_md5.o ABSOLUTE
    ..\FWLIB\src\stm32f4xx_hash_sha1.c       0x00000000   Number         0  stm32f4xx_hash_sha1.o ABSOLUTE
    ..\FWLIB\src\stm32f4xx_i2c.c             0x00000000   Number         0  stm32f4xx_i2c.o ABSOLUTE
    ..\FWLIB\src\stm32f4xx_iwdg.c            0x00000000   Number         0  stm32f4xx_iwdg.o ABSOLUTE
    ..\FWLIB\src\stm32f4xx_lptim.c           0x00000000   Number         0  stm32f4xx_lptim.o ABSOLUTE
    ..\FWLIB\src\stm32f4xx_ltdc.c            0x00000000   Number         0  stm32f4xx_ltdc.o ABSOLUTE
    ..\FWLIB\src\stm32f4xx_pwr.c             0x00000000   Number         0  stm32f4xx_pwr.o ABSOLUTE
    ..\FWLIB\src\stm32f4xx_qspi.c            0x00000000   Number         0  stm32f4xx_qspi.o ABSOLUTE
    ..\FWLIB\src\stm32f4xx_rcc.c             0x00000000   Number         0  stm32f4xx_rcc.o ABSOLUTE
    ..\FWLIB\src\stm32f4xx_rng.c             0x00000000   Number         0  stm32f4xx_rng.o ABSOLUTE
    ..\FWLIB\src\stm32f4xx_rtc.c             0x00000000   Number         0  stm32f4xx_rtc.o ABSOLUTE
    ..\FWLIB\src\stm32f4xx_sai.c             0x00000000   Number         0  stm32f4xx_sai.o ABSOLUTE
    ..\FWLIB\src\stm32f4xx_sdio.c            0x00000000   Number         0  stm32f4xx_sdio.o ABSOLUTE
    ..\FWLIB\src\stm32f4xx_spdifrx.c         0x00000000   Number         0  stm32f4xx_spdifrx.o ABSOLUTE
    ..\FWLIB\src\stm32f4xx_spi.c             0x00000000   Number         0  stm32f4xx_spi.o ABSOLUTE
    ..\FWLIB\src\stm32f4xx_syscfg.c          0x00000000   Number         0  stm32f4xx_syscfg.o ABSOLUTE
    ..\FWLIB\src\stm32f4xx_tim.c             0x00000000   Number         0  stm32f4xx_tim.o ABSOLUTE
    ..\FWLIB\src\stm32f4xx_usart.c           0x00000000   Number         0  stm32f4xx_usart.o ABSOLUTE
    ..\FWLIB\src\stm32f4xx_wwdg.c            0x00000000   Number         0  stm32f4xx_wwdg.o ABSOLUTE
    ..\FastMathFunctions\arm_cos_f32.c       0x00000000   Number         0  arm_cos_f32.o ABSOLUTE
    ..\FastMathFunctions\arm_sin_f32.c       0x00000000   Number         0  arm_sin_f32.o ABSOLUTE
    ..\\CMSIS\\stm32f4xx_it.c                0x00000000   Number         0  stm32f4xx_it.o ABSOLUTE
    ..\\CMSIS\\system_stm32f4xx.c            0x00000000   Number         0  system_stm32f4xx.o ABSOLUTE
    ..\\CommonTables\\arm_common_tables.c    0x00000000   Number         0  arm_common_tables.o ABSOLUTE
    ..\\FWLIB\\src\\misc.c                   0x00000000   Number         0  misc.o ABSOLUTE
    ..\\FWLIB\\src\\stm32f4xx_adc.c          0x00000000   Number         0  stm32f4xx_adc.o ABSOLUTE
    ..\\FWLIB\\src\\stm32f4xx_can.c          0x00000000   Number         0  stm32f4xx_can.o ABSOLUTE
    ..\\FWLIB\\src\\stm32f4xx_cec.c          0x00000000   Number         0  stm32f4xx_cec.o ABSOLUTE
    ..\\FWLIB\\src\\stm32f4xx_crc.c          0x00000000   Number         0  stm32f4xx_crc.o ABSOLUTE
    ..\\FWLIB\\src\\stm32f4xx_cryp.c         0x00000000   Number         0  stm32f4xx_cryp.o ABSOLUTE
    ..\\FWLIB\\src\\stm32f4xx_cryp_aes.c     0x00000000   Number         0  stm32f4xx_cryp_aes.o ABSOLUTE
    ..\\FWLIB\\src\\stm32f4xx_cryp_des.c     0x00000000   Number         0  stm32f4xx_cryp_des.o ABSOLUTE
    ..\\FWLIB\\src\\stm32f4xx_cryp_tdes.c    0x00000000   Number         0  stm32f4xx_cryp_tdes.o ABSOLUTE
    ..\\FWLIB\\src\\stm32f4xx_dac.c          0x00000000   Number         0  stm32f4xx_dac.o ABSOLUTE
    ..\\FWLIB\\src\\stm32f4xx_dbgmcu.c       0x00000000   Number         0  stm32f4xx_dbgmcu.o ABSOLUTE
    ..\\FWLIB\\src\\stm32f4xx_dcmi.c         0x00000000   Number         0  stm32f4xx_dcmi.o ABSOLUTE
    ..\\FWLIB\\src\\stm32f4xx_dfsdm.c        0x00000000   Number         0  stm32f4xx_dfsdm.o ABSOLUTE
    ..\\FWLIB\\src\\stm32f4xx_dma.c          0x00000000   Number         0  stm32f4xx_dma.o ABSOLUTE
    ..\\FWLIB\\src\\stm32f4xx_dma2d.c        0x00000000   Number         0  stm32f4xx_dma2d.o ABSOLUTE
    ..\\FWLIB\\src\\stm32f4xx_dsi.c          0x00000000   Number         0  stm32f4xx_dsi.o ABSOLUTE
    ..\\FWLIB\\src\\stm32f4xx_exti.c         0x00000000   Number         0  stm32f4xx_exti.o ABSOLUTE
    ..\\FWLIB\\src\\stm32f4xx_flash.c        0x00000000   Number         0  stm32f4xx_flash.o ABSOLUTE
    ..\\FWLIB\\src\\stm32f4xx_flash_ramfunc.c 0x00000000   Number         0  stm32f4xx_flash_ramfunc.o ABSOLUTE
    ..\\FWLIB\\src\\stm32f4xx_fmc.c          0x00000000   Number         0  stm32f4xx_fmc.o ABSOLUTE
    ..\\FWLIB\\src\\stm32f4xx_fmpi2c.c       0x00000000   Number         0  stm32f4xx_fmpi2c.o ABSOLUTE
    ..\\FWLIB\\src\\stm32f4xx_gpio.c         0x00000000   Number         0  stm32f4xx_gpio.o ABSOLUTE
    ..\\FWLIB\\src\\stm32f4xx_hash.c         0x00000000   Number         0  stm32f4xx_hash.o ABSOLUTE
    ..\\FWLIB\\src\\stm32f4xx_hash_md5.c     0x00000000   Number         0  stm32f4xx_hash_md5.o ABSOLUTE
    ..\\FWLIB\\src\\stm32f4xx_hash_sha1.c    0x00000000   Number         0  stm32f4xx_hash_sha1.o ABSOLUTE
    ..\\FWLIB\\src\\stm32f4xx_i2c.c          0x00000000   Number         0  stm32f4xx_i2c.o ABSOLUTE
    ..\\FWLIB\\src\\stm32f4xx_iwdg.c         0x00000000   Number         0  stm32f4xx_iwdg.o ABSOLUTE
    ..\\FWLIB\\src\\stm32f4xx_lptim.c        0x00000000   Number         0  stm32f4xx_lptim.o ABSOLUTE
    ..\\FWLIB\\src\\stm32f4xx_ltdc.c         0x00000000   Number         0  stm32f4xx_ltdc.o ABSOLUTE
    ..\\FWLIB\\src\\stm32f4xx_pwr.c          0x00000000   Number         0  stm32f4xx_pwr.o ABSOLUTE
    ..\\FWLIB\\src\\stm32f4xx_qspi.c         0x00000000   Number         0  stm32f4xx_qspi.o ABSOLUTE
    ..\\FWLIB\\src\\stm32f4xx_rcc.c          0x00000000   Number         0  stm32f4xx_rcc.o ABSOLUTE
    ..\\FWLIB\\src\\stm32f4xx_rng.c          0x00000000   Number         0  stm32f4xx_rng.o ABSOLUTE
    ..\\FWLIB\\src\\stm32f4xx_rtc.c          0x00000000   Number         0  stm32f4xx_rtc.o ABSOLUTE
    ..\\FWLIB\\src\\stm32f4xx_sai.c          0x00000000   Number         0  stm32f4xx_sai.o ABSOLUTE
    ..\\FWLIB\\src\\stm32f4xx_sdio.c         0x00000000   Number         0  stm32f4xx_sdio.o ABSOLUTE
    ..\\FWLIB\\src\\stm32f4xx_spdifrx.c      0x00000000   Number         0  stm32f4xx_spdifrx.o ABSOLUTE
    ..\\FWLIB\\src\\stm32f4xx_spi.c          0x00000000   Number         0  stm32f4xx_spi.o ABSOLUTE
    ..\\FWLIB\\src\\stm32f4xx_syscfg.c       0x00000000   Number         0  stm32f4xx_syscfg.o ABSOLUTE
    ..\\FWLIB\\src\\stm32f4xx_tim.c          0x00000000   Number         0  stm32f4xx_tim.o ABSOLUTE
    ..\\FWLIB\\src\\stm32f4xx_usart.c        0x00000000   Number         0  stm32f4xx_usart.o ABSOLUTE
    ..\\FWLIB\\src\\stm32f4xx_wwdg.c         0x00000000   Number         0  stm32f4xx_wwdg.o ABSOLUTE
    ..\\FastMathFunctions\\arm_cos_f32.c     0x00000000   Number         0  arm_cos_f32.o ABSOLUTE
    ..\\FastMathFunctions\\arm_sin_f32.c     0x00000000   Number         0  arm_sin_f32.o ABSOLUTE
    ..\\user\\AHRS\\AHRS_middleware.c        0x00000000   Number         0  ahrs_middleware.o ABSOLUTE
    ..\\user\\AHRS\\ist8310driver.c          0x00000000   Number         0  ist8310driver.o ABSOLUTE
    ..\\user\\AHRS\\ist8310driver_middleware.c 0x00000000   Number         0  ist8310driver_middleware.o ABSOLUTE
    ..\\user\\AHRS\\mpu6500driver.c          0x00000000   Number         0  mpu6500driver.o ABSOLUTE
    ..\\user\\AHRS\\mpu6500driver_middleware.c 0x00000000   Number         0  mpu6500driver_middleware.o ABSOLUTE
    ..\\user\\APP\\chassis.c                 0x00000000   Number         0  chassis.o ABSOLUTE
    ..\\user\\APP\\remote.c                  0x00000000   Number         0  remote.o ABSOLUTE
    ..\\user\\APP\\rm_esc.c                  0x00000000   Number         0  rm_esc.o ABSOLUTE
    ..\\user\\hardware\\adc\\adc.c           0x00000000   Number         0  adc.o ABSOLUTE
    ..\\user\\hardware\\buzzer\\buzzer.c     0x00000000   Number         0  buzzer.o ABSOLUTE
    ..\\user\\hardware\\can\\can.c           0x00000000   Number         0  can.o ABSOLUTE
    ..\\user\\hardware\\delay\\delay.c       0x00000000   Number         0  delay.o ABSOLUTE
    ..\\user\\hardware\\exit_init\\exit_init.c 0x00000000   Number         0  exit_init.o ABSOLUTE
    ..\\user\\hardware\\flash\\flash.c       0x00000000   Number         0  flash.o ABSOLUTE
    ..\\user\\hardware\\laser\\laser.c       0x00000000   Number         0  laser.o ABSOLUTE
    ..\\user\\hardware\\led\\led.c           0x00000000   Number         0  led.o ABSOLUTE
    ..\\user\\hardware\\power_ctrl\\power_ctrl.c 0x00000000   Number         0  power_ctrl.o ABSOLUTE
    ..\\user\\hardware\\pwm\\pwm.c           0x00000000   Number         0  pwm.o ABSOLUTE
    ..\\user\\hardware\\rc\\rc.c             0x00000000   Number         0  rc.o ABSOLUTE
    ..\\user\\hardware\\rng\\rng.c           0x00000000   Number         0  rng.o ABSOLUTE
    ..\\user\\hardware\\spi\\spi.c           0x00000000   Number         0  spi.o ABSOLUTE
    ..\\user\\hardware\\sys\\sys.c           0x00000000   Number         0  sys.o ABSOLUTE
    ..\\user\\hardware\\timer\\timer.c       0x00000000   Number         0  timer.o ABSOLUTE
    ..\\user\\hardware\\uart\\uart.c         0x00000000   Number         0  uart.o ABSOLUTE
    ..\\user\\main.c                         0x00000000   Number         0  main.o ABSOLUTE
    ..\\user\\tasks.c                        0x00000000   Number         0  tasks.o ABSOLUTE
    ..\\user\\user_lib\\user_lib.c           0x00000000   Number         0  user_lib.o ABSOLUTE
    ..\startup\startup_stm32f427xx.s         0x00000000   Number         0  startup_stm32f427xx.o ABSOLUTE
    ..\user\AHRS\AHRS_middleware.c           0x00000000   Number         0  ahrs_middleware.o ABSOLUTE
    ..\user\AHRS\ist8310driver.c             0x00000000   Number         0  ist8310driver.o ABSOLUTE
    ..\user\AHRS\ist8310driver_middleware.c  0x00000000   Number         0  ist8310driver_middleware.o ABSOLUTE
    ..\user\AHRS\mpu6500driver.c             0x00000000   Number         0  mpu6500driver.o ABSOLUTE
    ..\user\AHRS\mpu6500driver_middleware.c  0x00000000   Number         0  mpu6500driver_middleware.o ABSOLUTE
    ..\user\APP\chassis.c                    0x00000000   Number         0  chassis.o ABSOLUTE
    ..\user\APP\remote.c                     0x00000000   Number         0  remote.o ABSOLUTE
    ..\user\APP\rm_esc.c                     0x00000000   Number         0  rm_esc.o ABSOLUTE
    ..\user\hardware\adc\adc.c               0x00000000   Number         0  adc.o ABSOLUTE
    ..\user\hardware\buzzer\buzzer.c         0x00000000   Number         0  buzzer.o ABSOLUTE
    ..\user\hardware\can\can.c               0x00000000   Number         0  can.o ABSOLUTE
    ..\user\hardware\delay\delay.c           0x00000000   Number         0  delay.o ABSOLUTE
    ..\user\hardware\exit_init\exit_init.c   0x00000000   Number         0  exit_init.o ABSOLUTE
    ..\user\hardware\flash\flash.c           0x00000000   Number         0  flash.o ABSOLUTE
    ..\user\hardware\laser\laser.c           0x00000000   Number         0  laser.o ABSOLUTE
    ..\user\hardware\led\led.c               0x00000000   Number         0  led.o ABSOLUTE
    ..\user\hardware\power_ctrl\power_ctrl.c 0x00000000   Number         0  power_ctrl.o ABSOLUTE
    ..\user\hardware\pwm\pwm.c               0x00000000   Number         0  pwm.o ABSOLUTE
    ..\user\hardware\rc\rc.c                 0x00000000   Number         0  rc.o ABSOLUTE
    ..\user\hardware\rng\rng.c               0x00000000   Number         0  rng.o ABSOLUTE
    ..\user\hardware\spi\spi.c               0x00000000   Number         0  spi.o ABSOLUTE
    ..\user\hardware\sys\sys.c               0x00000000   Number         0  sys.o ABSOLUTE
    ..\user\hardware\timer\timer.c           0x00000000   Number         0  timer.o ABSOLUTE
    ..\user\hardware\uart\uart.c             0x00000000   Number         0  uart.o ABSOLUTE
    ..\user\main.c                           0x00000000   Number         0  main.o ABSOLUTE
    ..\user\tasks.c                          0x00000000   Number         0  tasks.o ABSOLUTE
    ..\user\user_lib\pid.c                   0x00000000   Number         0  pid.o ABSOLUTE
    ..\user\user_lib\pid_math.c              0x00000000   Number         0  pid_math.o ABSOLUTE
    ..\user\user_lib\user_lib.c              0x00000000   Number         0  user_lib.o ABSOLUTE
    cdrcmple.s                               0x00000000   Number         0  cdrcmple.o ABSOLUTE
    dc.s                                     0x00000000   Number         0  dc.o ABSOLUTE
    handlers.s                               0x00000000   Number         0  handlers.o ABSOLUTE
    init.s                                   0x00000000   Number         0  init.o ABSOLUTE
    RESET                                    0x08000000   Section      428  startup_stm32f427xx.o(RESET)
    .ARM.Collect$$$$00000000                 0x080001ac   Section        0  entry.o(.ARM.Collect$$$$00000000)
    .ARM.Collect$$$$00000001                 0x080001ac   Section        4  entry2.o(.ARM.Collect$$$$00000001)
    .ARM.Collect$$$$00000004                 0x080001b0   Section        4  entry5.o(.ARM.Collect$$$$00000004)
    .ARM.Collect$$$$00000008                 0x080001b4   Section        0  entry7b.o(.ARM.Collect$$$$00000008)
    .ARM.Collect$$$$0000000A                 0x080001b4   Section        0  entry8b.o(.ARM.Collect$$$$0000000A)
    .ARM.Collect$$$$0000000B                 0x080001b4   Section        8  entry9a.o(.ARM.Collect$$$$0000000B)
    .ARM.Collect$$$$0000000D                 0x080001bc   Section        0  entry10a.o(.ARM.Collect$$$$0000000D)
    .ARM.Collect$$$$0000000F                 0x080001bc   Section        0  entry11a.o(.ARM.Collect$$$$0000000F)
    .ARM.Collect$$$$00002712                 0x080001bc   Section        4  entry2.o(.ARM.Collect$$$$00002712)
    __lit__00000000                          0x080001bc   Data           4  entry2.o(.ARM.Collect$$$$00002712)
    .text                                    0x080001c0   Section       52  startup_stm32f427xx.o(.text)
    $v0                                      0x080001c0   Number         0  startup_stm32f427xx.o(.text)
    .text                                    0x080001f4   Section        0  f2d.o(.text)
    .text                                    0x0800021c   Section       48  cdrcmple.o(.text)
    .text                                    0x0800024c   Section        0  d2f.o(.text)
    .text                                    0x08000284   Section        0  iusefp.o(.text)
    .text                                    0x08000284   Section        0  fepilogue.o(.text)
    .text                                    0x080002f4   Section       36  init.o(.text)
    i.BusFault_Handler                       0x08000318   Section        0  stm32f4xx_it.o(i.BusFault_Handler)
    i.CAN1_Config                            0x0800031c   Section        0  can.o(i.CAN1_Config)
    i.CAN1_RX0_IRQHandler                    0x0800042c   Section        0  can.o(i.CAN1_RX0_IRQHandler)
    i.CAN1_TX_IRQHandler                     0x08000468   Section        0  can.o(i.CAN1_TX_IRQHandler)
    i.CAN_ClearFlag                          0x08000484   Section        0  stm32f4xx_can.o(i.CAN_ClearFlag)
    i.CAN_ClearITPendingBit                  0x080004bc   Section        0  stm32f4xx_can.o(i.CAN_ClearITPendingBit)
    i.CAN_FilterInit                         0x08000564   Section        0  stm32f4xx_can.o(i.CAN_FilterInit)
    i.CAN_GetITStatus                        0x0800066c   Section        0  stm32f4xx_can.o(i.CAN_GetITStatus)
    i.CAN_ITConfig                           0x0800078c   Section        0  stm32f4xx_can.o(i.CAN_ITConfig)
    i.CAN_Init                               0x0800079e   Section        0  stm32f4xx_can.o(i.CAN_Init)
    i.CAN_Receive                            0x080008b2   Section        0  stm32f4xx_can.o(i.CAN_Receive)
    i.CAN_Transmit                           0x080009a2   Section        0  stm32f4xx_can.o(i.CAN_Transmit)
    i.CheckITStatus                          0x08000ac8   Section        0  stm32f4xx_can.o(i.CheckITStatus)
    CheckITStatus                            0x08000ac9   Thumb Code    18  stm32f4xx_can.o(i.CheckITStatus)
    i.DMA_ClearFlag                          0x08000adc   Section        0  stm32f4xx_dma.o(i.DMA_ClearFlag)
    i.DMA_Cmd                                0x08000b10   Section        0  stm32f4xx_dma.o(i.DMA_Cmd)
    i.DMA_DeInit                             0x08000b28   Section        0  stm32f4xx_dma.o(i.DMA_DeInit)
    i.DMA_DoubleBufferModeCmd                0x08000c80   Section        0  stm32f4xx_dma.o(i.DMA_DoubleBufferModeCmd)
    i.DMA_DoubleBufferModeConfig             0x08000c96   Section        0  stm32f4xx_dma.o(i.DMA_DoubleBufferModeConfig)
    i.DMA_GetCurrDataCounter                 0x08000cae   Section        0  stm32f4xx_dma.o(i.DMA_GetCurrDataCounter)
    i.DMA_GetCurrentMemoryTarget             0x08000cb6   Section        0  stm32f4xx_dma.o(i.DMA_GetCurrentMemoryTarget)
    i.DMA_Init                               0x08000ccc   Section        0  stm32f4xx_dma.o(i.DMA_Init)
    i.DMA_SetCurrDataCounter                 0x08000d24   Section        0  stm32f4xx_dma.o(i.DMA_SetCurrDataCounter)
    i.DebugMon_Handler                       0x08000d28   Section        0  stm32f4xx_it.o(i.DebugMon_Handler)
    i.GPIO_Init                              0x08000d2a   Section        0  stm32f4xx_gpio.o(i.GPIO_Init)
    i.GPIO_PinAFConfig                       0x08000dba   Section        0  stm32f4xx_gpio.o(i.GPIO_PinAFConfig)
    i.GPIO_SetBits                           0x08000e00   Section        0  stm32f4xx_gpio.o(i.GPIO_SetBits)
    i.HardFault_Handler                      0x08000e04   Section        0  stm32f4xx_it.o(i.HardFault_Handler)
    i.LED_Config                             0x08000e08   Section        0  led.o(i.LED_Config)
    i.LED_Flow_Off                           0x08000e74   Section        0  led.o(i.LED_Flow_Off)
    i.LED_Grenn_Off                          0x08000e88   Section        0  led.o(i.LED_Grenn_Off)
    i.LED_Red_Off                            0x08000e9c   Section        0  led.o(i.LED_Red_Off)
    i.MemManage_Handler                      0x08000eb0   Section        0  stm32f4xx_it.o(i.MemManage_Handler)
    i.NMI_Handler                            0x08000eb4   Section        0  stm32f4xx_it.o(i.NMI_Handler)
    i.NVIC_Init                              0x08000eb8   Section        0  misc.o(i.NVIC_Init)
    i.NVIC_PriorityGroupConfig               0x08000f30   Section        0  misc.o(i.NVIC_PriorityGroupConfig)
    i.PID_Calc                               0x08000f44   Section        0  pid.o(i.PID_Calc)
    i.PID_Init                               0x08001170   Section        0  pid.o(i.PID_Init)
    i.PID_SetIntSp                           0x08001258   Section        0  pid.o(i.PID_SetIntSp)
    i.PID_SetRef                             0x08001262   Section        0  pid.o(i.PID_SetRef)
    i.PWM_ServoInit                          0x08001268   Section        0  pwm.o(i.PWM_ServoInit)
    i.PWM_ServoSetVal                        0x080012b4   Section        0  pwm.o(i.PWM_ServoSetVal)
    i.PWM_TIM4_Config                        0x080013cc   Section        0  pwm.o(i.PWM_TIM4_Config)
    i.PowerControl_Config                    0x080014e8   Section        0  power_ctrl.o(i.PowerControl_Config)
    i.PowerControl_On                        0x08001530   Section        0  power_ctrl.o(i.PowerControl_On)
    i.RCC_AHB1PeriphClockCmd                 0x08001550   Section        0  stm32f4xx_rcc.o(i.RCC_AHB1PeriphClockCmd)
    i.RCC_APB1PeriphClockCmd                 0x08001570   Section        0  stm32f4xx_rcc.o(i.RCC_APB1PeriphClockCmd)
    i.RCC_APB1PeriphResetCmd                 0x08001590   Section        0  stm32f4xx_rcc.o(i.RCC_APB1PeriphResetCmd)
    i.RCC_APB2PeriphClockCmd                 0x080015b0   Section        0  stm32f4xx_rcc.o(i.RCC_APB2PeriphClockCmd)
    i.RCC_APB2PeriphResetCmd                 0x080015d0   Section        0  stm32f4xx_rcc.o(i.RCC_APB2PeriphResetCmd)
    i.RCC_GetClocksFreq                      0x080015f0   Section        0  stm32f4xx_rcc.o(i.RCC_GetClocksFreq)
    i.RC_Init                                0x080016d8   Section        0  rc.o(i.RC_Init)
    i.RM_MotorCtrlCalc                       0x08001824   Section        0  rm_esc.o(i.RM_MotorCtrlCalc)
    i.RM_MotorEnable                         0x0800197c   Section        0  rm_esc.o(i.RM_MotorEnable)
    i.RM_MotorGetInfo                        0x08001994   Section        0  rm_esc.o(i.RM_MotorGetInfo)
    i.RM_MotorInit                           0x08001acc   Section        0  rm_esc.o(i.RM_MotorInit)
    i.RM_MotorSendCmd                        0x08001d4c   Section        0  rm_esc.o(i.RM_MotorSendCmd)
    i.RM_MotorSendCmd_auto                   0x08001dc8   Section        0  rm_esc.o(i.RM_MotorSendCmd_auto)
    i.RM_MotorSetVel                         0x08001e54   Section        0  rm_esc.o(i.RM_MotorSetVel)
    i.Remote_Config                          0x08001ea4   Section        0  remote.o(i.Remote_Config)
    i.SBUS_TO_RC                             0x08001eb8   Section        0  remote.o(i.SBUS_TO_RC)
    SBUS_TO_RC                               0x08001eb9   Thumb Code   218  remote.o(i.SBUS_TO_RC)
    i.SetSysClock                            0x08001f94   Section        0  system_stm32f4xx.o(i.SetSysClock)
    SetSysClock                              0x08001f95   Thumb Code   272  system_stm32f4xx.o(i.SetSysClock)
    i.SysTick_CLKSourceConfig                0x080020b4   Section        0  misc.o(i.SysTick_CLKSourceConfig)
    i.SystemInit                             0x080020dc   Section        0  system_stm32f4xx.o(i.SystemInit)
    i.TASKS_Init                             0x08002144   Section        0  tasks.o(i.TASKS_Init)
    i.TASKS_Timer_H_1000hz                   0x08002224   Section        0  tasks.o(i.TASKS_Timer_H_1000hz)
    i.TASKS_Timer_H_100hz                    0x08002230   Section        0  tasks.o(i.TASKS_Timer_H_100hz)
    i.TASKS_Timer_H_10hz                     0x08002232   Section        0  tasks.o(i.TASKS_Timer_H_10hz)
    i.TASKS_Timer_H_1hz                      0x08002234   Section        0  tasks.o(i.TASKS_Timer_H_1hz)
    i.TASKS_Timer_H_50hz                     0x08002238   Section        0  tasks.o(i.TASKS_Timer_H_50hz)
    i.TASKS_Timer_L_1000hz                   0x08002250   Section        0  tasks.o(i.TASKS_Timer_L_1000hz)
    i.TASKS_Timer_L_100hz                    0x08002254   Section        0  tasks.o(i.TASKS_Timer_L_100hz)
    i.TASKS_Timer_L_10hz                     0x08002264   Section        0  tasks.o(i.TASKS_Timer_L_10hz)
    i.TASKS_Timer_L_1hz                      0x08002266   Section        0  tasks.o(i.TASKS_Timer_L_1hz)
    i.TASKS_Timer_L_50hz                     0x08002268   Section        0  tasks.o(i.TASKS_Timer_L_50hz)
    i.TASKS_While                            0x0800226a   Section        0  tasks.o(i.TASKS_While)
    i.TIM3_IRQHandler                        0x08002270   Section        0  timer.o(i.TIM3_IRQHandler)
    i.TIM3_Init                              0x08002300   Section        0  timer.o(i.TIM3_Init)
    i.TIM6_DAC_IRQHandler                    0x080023dc   Section        0  timer.o(i.TIM6_DAC_IRQHandler)
    i.TIM6_Init                              0x0800246c   Section        0  timer.o(i.TIM6_Init)
    i.TIM_ARRPreloadConfig                   0x080024e4   Section        0  stm32f4xx_tim.o(i.TIM_ARRPreloadConfig)
    i.TIM_ClearFlag                          0x080024fc   Section        0  stm32f4xx_tim.o(i.TIM_ClearFlag)
    i.TIM_Cmd                                0x08002502   Section        0  stm32f4xx_tim.o(i.TIM_Cmd)
    i.TIM_CtrlPWMOutputs                     0x0800251a   Section        0  stm32f4xx_tim.o(i.TIM_CtrlPWMOutputs)
    i.TIM_DeInit                             0x08002538   Section        0  stm32f4xx_tim.o(i.TIM_DeInit)
    i.TIM_GetITStatus                        0x080026c8   Section        0  stm32f4xx_tim.o(i.TIM_GetITStatus)
    i.TIM_ITConfig                           0x080026ea   Section        0  stm32f4xx_tim.o(i.TIM_ITConfig)
    i.TIM_OC1Init                            0x080026fc   Section        0  stm32f4xx_tim.o(i.TIM_OC1Init)
    i.TIM_OC1PreloadConfig                   0x08002778   Section        0  stm32f4xx_tim.o(i.TIM_OC1PreloadConfig)
    i.TIM_OC2Init                            0x0800278c   Section        0  stm32f4xx_tim.o(i.TIM_OC2Init)
    i.TIM_OC2PreloadConfig                   0x08002830   Section        0  stm32f4xx_tim.o(i.TIM_OC2PreloadConfig)
    i.TIM_OC3Init                            0x0800284c   Section        0  stm32f4xx_tim.o(i.TIM_OC3Init)
    i.TIM_OC3PreloadConfig                   0x080028ec   Section        0  stm32f4xx_tim.o(i.TIM_OC3PreloadConfig)
    i.TIM_OC4Init                            0x08002900   Section        0  stm32f4xx_tim.o(i.TIM_OC4Init)
    i.TIM_OC4PreloadConfig                   0x08002978   Section        0  stm32f4xx_tim.o(i.TIM_OC4PreloadConfig)
    i.TIM_SetCompare1                        0x08002992   Section        0  stm32f4xx_tim.o(i.TIM_SetCompare1)
    i.TIM_SetCompare2                        0x08002996   Section        0  stm32f4xx_tim.o(i.TIM_SetCompare2)
    i.TIM_SetCompare3                        0x0800299a   Section        0  stm32f4xx_tim.o(i.TIM_SetCompare3)
    i.TIM_SetCompare4                        0x0800299e   Section        0  stm32f4xx_tim.o(i.TIM_SetCompare4)
    i.TIM_TimeBaseInit                       0x080029a4   Section        0  stm32f4xx_tim.o(i.TIM_TimeBaseInit)
    i.UART_AutoSend                          0x08002a28   Section        0  uart.o(i.UART_AutoSend)
    i.UART_GetReadyFlag                      0x08002a60   Section        0  uart.o(i.UART_GetReadyFlag)
    i.UART_ReadData                          0x08002a74   Section        0  uart.o(i.UART_ReadData)
    i.UART_SendArr_32b                       0x08002bdc   Section        0  uart.o(i.UART_SendArr_32b)
    i.UART_SetRxFrame                        0x08002c7a   Section        0  uart.o(i.UART_SetRxFrame)
    i.UART_SetTxFrame                        0x08002c84   Section        0  uart.o(i.UART_SetTxFrame)
    i.USART1_IRQHandler                      0x08002c9c   Section        0  remote.o(i.USART1_IRQHandler)
    i.USART6_IRQHandler                      0x08002d80   Section        0  uart.o(i.USART6_IRQHandler)
    i.USART6_Init                            0x08002e0c   Section        0  uart.o(i.USART6_Init)
    i.USART_ClearFlag                        0x08002edc   Section        0  stm32f4xx_usart.o(i.USART_ClearFlag)
    i.USART_ClearITPendingBit                0x08002eee   Section        0  stm32f4xx_usart.o(i.USART_ClearITPendingBit)
    i.USART_Cmd                              0x08002f0c   Section        0  stm32f4xx_usart.o(i.USART_Cmd)
    i.USART_DMACmd                           0x08002f24   Section        0  stm32f4xx_usart.o(i.USART_DMACmd)
    i.USART_DeInit                           0x08002f38   Section        0  stm32f4xx_usart.o(i.USART_DeInit)
    i.USART_GetFlagStatus                    0x08003028   Section        0  stm32f4xx_usart.o(i.USART_GetFlagStatus)
    i.USART_GetITStatus                      0x08003042   Section        0  stm32f4xx_usart.o(i.USART_GetITStatus)
    i.USART_ITConfig                         0x08003096   Section        0  stm32f4xx_usart.o(i.USART_ITConfig)
    i.USART_Init                             0x080030e0   Section        0  stm32f4xx_usart.o(i.USART_Init)
    i.USART_ReceiveData                      0x080031b4   Section        0  stm32f4xx_usart.o(i.USART_ReceiveData)
    i.USART_SendData                         0x080031be   Section        0  stm32f4xx_usart.o(i.USART_SendData)
    i.UsageFault_Handler                     0x080031c6   Section        0  stm32f4xx_it.o(i.UsageFault_Handler)
    i._TASKS_ManualCtrl                      0x080031cc   Section        0  tasks.o(i._TASKS_ManualCtrl)
    i.__hardfp_fabs                          0x080032e0   Section        0  fabs.o(i.__hardfp_fabs)
    i.__scatterload_copy                     0x080032f4   Section       14  handlers.o(i.__scatterload_copy)
    i.__scatterload_null                     0x08003302   Section        2  handlers.o(i.__scatterload_null)
    i.__scatterload_zeroinit                 0x08003304   Section       14  handlers.o(i.__scatterload_zeroinit)
    i.abslimit                               0x08003312   Section        0  pid_math.o(i.abslimit)
    i.deadband                               0x08003380   Section        0  pid_math.o(i.deadband)
    i.delayInit                              0x080033f0   Section        0  delay.o(i.delayInit)
    i.get_remote_control_point               0x08003424   Section        0  remote.o(i.get_remote_control_point)
    i.limit                                  0x0800342c   Section        0  pid_math.o(i.limit)
    i.main                                   0x08003456   Section        0  main.o(i.main)
    .data                                    0x20000000   Section       16  stm32f4xx_rcc.o(.data)
    APBAHBPrescTable                         0x20000000   Data          16  stm32f4xx_rcc.o(.data)
    .data                                    0x20000010   Section        6  tasks.o(.data)
    s_prev                                   0x20000014   Data           2  tasks.o(.data)
    .data                                    0x20000018   Section        8  delay.o(.data)
    fac_us                                   0x20000018   Data           1  delay.o(.data)
    fac_ms                                   0x2000001c   Data           4  delay.o(.data)
    .data                                    0x20000020   Section        4  timer.o(.data)
    i                                        0x20000020   Data           2  timer.o(.data)
    i                                        0x20000022   Data           2  timer.o(.data)
    .data                                    0x20000024   Section        4  uart.o(.data)
    w                                        0x20000024   Data           1  uart.o(.data)
    i                                        0x20000025   Data           1  uart.o(.data)
    idx                                      0x20000026   Data           1  uart.o(.data)
    RxData                                   0x20000027   Data           1  uart.o(.data)
    .data                                    0x20000028   Section        2  remote.o(.data)
    this_time_rx_len                         0x20000028   Data           2  remote.o(.data)
    .bss                                     0x2000002c   Section     1084  tasks.o(.bss)
    .bss                                     0x20000468   Section       94  remote.o(.bss)
    rc_ctrl                                  0x20000468   Data          22  remote.o(.bss)
    SBUS_rx_buf                              0x2000047e   Data          72  remote.o(.bss)
    .bss                                     0x200004c8   Section     1472  rm_esc.o(.bss)
    STACK                                    0x20000a88   Section     1024  startup_stm32f427xx.o(STACK)

    Global Symbols

    Symbol Name                              Value     Ov Type        Size  Object(Section)

    BuildAttributes$$THM_ISAv4$E$P$D$K$B$S$7EM$VFPi3$EXTD16$VFPS$VFMA$PE$A:L22UL41UL21$X:L11$S22US41US21$IEEE1$IW$USESV6$~STKCKD$USESV7$~SHL$OTIME$ROPI$IEEEX$EBA8$MICROLIB$REQ8$PRES8$EABIv2 0x00000000   Number         0  anon$$obj.o ABSOLUTE
    __ARM_use_no_argv                        0x00000000   Number         0  main.o ABSOLUTE
    __cpp_initialize__aeabi_                  - Undefined Weak Reference
    __cxa_finalize                            - Undefined Weak Reference
    __decompress                              - Undefined Weak Reference
    _clock_init                               - Undefined Weak Reference
    _microlib_exit                            - Undefined Weak Reference
    __Vectors_Size                           0x000001ac   Number         0  startup_stm32f427xx.o ABSOLUTE
    __Vectors                                0x08000000   Data           4  startup_stm32f427xx.o(RESET)
    __Vectors_End                            0x080001ac   Data           0  startup_stm32f427xx.o(RESET)
    __main                                   0x080001ad   Thumb Code     0  entry.o(.ARM.Collect$$$$00000000)
    _main_stk                                0x080001ad   Thumb Code     0  entry2.o(.ARM.Collect$$$$00000001)
    _main_scatterload                        0x080001b1   Thumb Code     0  entry5.o(.ARM.Collect$$$$00000004)
    __main_after_scatterload                 0x080001b5   Thumb Code     0  entry5.o(.ARM.Collect$$$$00000004)
    _main_clock                              0x080001b5   Thumb Code     0  entry7b.o(.ARM.Collect$$$$00000008)
    _main_cpp_init                           0x080001b5   Thumb Code     0  entry8b.o(.ARM.Collect$$$$0000000A)
    _main_init                               0x080001b5   Thumb Code     0  entry9a.o(.ARM.Collect$$$$0000000B)
    __rt_final_cpp                           0x080001bd   Thumb Code     0  entry10a.o(.ARM.Collect$$$$0000000D)
    __rt_final_exit                          0x080001bd   Thumb Code     0  entry11a.o(.ARM.Collect$$$$0000000F)
    Reset_Handler                            0x080001c1   Thumb Code    18  startup_stm32f427xx.o(.text)
    SVC_Handler                              0x080001dd   Thumb Code     2  startup_stm32f427xx.o(.text)
    PendSV_Handler                           0x080001e1   Thumb Code     2  startup_stm32f427xx.o(.text)
    SysTick_Handler                          0x080001e3   Thumb Code     2  startup_stm32f427xx.o(.text)
    ADC_IRQHandler                           0x080001e5   Thumb Code     0  startup_stm32f427xx.o(.text)
    CAN1_RX1_IRQHandler                      0x080001e5   Thumb Code     0  startup_stm32f427xx.o(.text)
    CAN1_SCE_IRQHandler                      0x080001e5   Thumb Code     0  startup_stm32f427xx.o(.text)
    CAN2_RX0_IRQHandler                      0x080001e5   Thumb Code     0  startup_stm32f427xx.o(.text)
    CAN2_RX1_IRQHandler                      0x080001e5   Thumb Code     0  startup_stm32f427xx.o(.text)
    CAN2_SCE_IRQHandler                      0x080001e5   Thumb Code     0  startup_stm32f427xx.o(.text)
    CAN2_TX_IRQHandler                       0x080001e5   Thumb Code     0  startup_stm32f427xx.o(.text)
    DCMI_IRQHandler                          0x080001e5   Thumb Code     0  startup_stm32f427xx.o(.text)
    DMA1_Stream0_IRQHandler                  0x080001e5   Thumb Code     0  startup_stm32f427xx.o(.text)
    DMA1_Stream1_IRQHandler                  0x080001e5   Thumb Code     0  startup_stm32f427xx.o(.text)
    DMA1_Stream2_IRQHandler                  0x080001e5   Thumb Code     0  startup_stm32f427xx.o(.text)
    DMA1_Stream3_IRQHandler                  0x080001e5   Thumb Code     0  startup_stm32f427xx.o(.text)
    DMA1_Stream4_IRQHandler                  0x080001e5   Thumb Code     0  startup_stm32f427xx.o(.text)
    DMA1_Stream5_IRQHandler                  0x080001e5   Thumb Code     0  startup_stm32f427xx.o(.text)
    DMA1_Stream6_IRQHandler                  0x080001e5   Thumb Code     0  startup_stm32f427xx.o(.text)
    DMA1_Stream7_IRQHandler                  0x080001e5   Thumb Code     0  startup_stm32f427xx.o(.text)
    DMA2D_IRQHandler                         0x080001e5   Thumb Code     0  startup_stm32f427xx.o(.text)
    DMA2_Stream0_IRQHandler                  0x080001e5   Thumb Code     0  startup_stm32f427xx.o(.text)
    DMA2_Stream1_IRQHandler                  0x080001e5   Thumb Code     0  startup_stm32f427xx.o(.text)
    DMA2_Stream2_IRQHandler                  0x080001e5   Thumb Code     0  startup_stm32f427xx.o(.text)
    DMA2_Stream3_IRQHandler                  0x080001e5   Thumb Code     0  startup_stm32f427xx.o(.text)
    DMA2_Stream4_IRQHandler                  0x080001e5   Thumb Code     0  startup_stm32f427xx.o(.text)
    DMA2_Stream5_IRQHandler                  0x080001e5   Thumb Code     0  startup_stm32f427xx.o(.text)
    DMA2_Stream6_IRQHandler                  0x080001e5   Thumb Code     0  startup_stm32f427xx.o(.text)
    DMA2_Stream7_IRQHandler                  0x080001e5   Thumb Code     0  startup_stm32f427xx.o(.text)
    ETH_IRQHandler                           0x080001e5   Thumb Code     0  startup_stm32f427xx.o(.text)
    ETH_WKUP_IRQHandler                      0x080001e5   Thumb Code     0  startup_stm32f427xx.o(.text)
    EXTI0_IRQHandler                         0x080001e5   Thumb Code     0  startup_stm32f427xx.o(.text)
    EXTI15_10_IRQHandler                     0x080001e5   Thumb Code     0  startup_stm32f427xx.o(.text)
    EXTI1_IRQHandler                         0x080001e5   Thumb Code     0  startup_stm32f427xx.o(.text)
    EXTI2_IRQHandler                         0x080001e5   Thumb Code     0  startup_stm32f427xx.o(.text)
    EXTI3_IRQHandler                         0x080001e5   Thumb Code     0  startup_stm32f427xx.o(.text)
    EXTI4_IRQHandler                         0x080001e5   Thumb Code     0  startup_stm32f427xx.o(.text)
    EXTI9_5_IRQHandler                       0x080001e5   Thumb Code     0  startup_stm32f427xx.o(.text)
    FLASH_IRQHandler                         0x080001e5   Thumb Code     0  startup_stm32f427xx.o(.text)
    FMC_IRQHandler                           0x080001e5   Thumb Code     0  startup_stm32f427xx.o(.text)
    FPU_IRQHandler                           0x080001e5   Thumb Code     0  startup_stm32f427xx.o(.text)
    HASH_RNG_IRQHandler                      0x080001e5   Thumb Code     0  startup_stm32f427xx.o(.text)
    I2C1_ER_IRQHandler                       0x080001e5   Thumb Code     0  startup_stm32f427xx.o(.text)
    I2C1_EV_IRQHandler                       0x080001e5   Thumb Code     0  startup_stm32f427xx.o(.text)
    I2C2_ER_IRQHandler                       0x080001e5   Thumb Code     0  startup_stm32f427xx.o(.text)
    I2C2_EV_IRQHandler                       0x080001e5   Thumb Code     0  startup_stm32f427xx.o(.text)
    I2C3_ER_IRQHandler                       0x080001e5   Thumb Code     0  startup_stm32f427xx.o(.text)
    I2C3_EV_IRQHandler                       0x080001e5   Thumb Code     0  startup_stm32f427xx.o(.text)
    OTG_FS_IRQHandler                        0x080001e5   Thumb Code     0  startup_stm32f427xx.o(.text)
    OTG_FS_WKUP_IRQHandler                   0x080001e5   Thumb Code     0  startup_stm32f427xx.o(.text)
    OTG_HS_EP1_IN_IRQHandler                 0x080001e5   Thumb Code     0  startup_stm32f427xx.o(.text)
    OTG_HS_EP1_OUT_IRQHandler                0x080001e5   Thumb Code     0  startup_stm32f427xx.o(.text)
    OTG_HS_IRQHandler                        0x080001e5   Thumb Code     0  startup_stm32f427xx.o(.text)
    OTG_HS_WKUP_IRQHandler                   0x080001e5   Thumb Code     0  startup_stm32f427xx.o(.text)
    PVD_IRQHandler                           0x080001e5   Thumb Code     0  startup_stm32f427xx.o(.text)
    RCC_IRQHandler                           0x080001e5   Thumb Code     0  startup_stm32f427xx.o(.text)
    RTC_Alarm_IRQHandler                     0x080001e5   Thumb Code     0  startup_stm32f427xx.o(.text)
    RTC_WKUP_IRQHandler                      0x080001e5   Thumb Code     0  startup_stm32f427xx.o(.text)
    SAI1_IRQHandler                          0x080001e5   Thumb Code     0  startup_stm32f427xx.o(.text)
    SDIO_IRQHandler                          0x080001e5   Thumb Code     0  startup_stm32f427xx.o(.text)
    SPI1_IRQHandler                          0x080001e5   Thumb Code     0  startup_stm32f427xx.o(.text)
    SPI2_IRQHandler                          0x080001e5   Thumb Code     0  startup_stm32f427xx.o(.text)
    SPI3_IRQHandler                          0x080001e5   Thumb Code     0  startup_stm32f427xx.o(.text)
    SPI4_IRQHandler                          0x080001e5   Thumb Code     0  startup_stm32f427xx.o(.text)
    SPI5_IRQHandler                          0x080001e5   Thumb Code     0  startup_stm32f427xx.o(.text)
    SPI6_IRQHandler                          0x080001e5   Thumb Code     0  startup_stm32f427xx.o(.text)
    TAMP_STAMP_IRQHandler                    0x080001e5   Thumb Code     0  startup_stm32f427xx.o(.text)
    TIM1_BRK_TIM9_IRQHandler                 0x080001e5   Thumb Code     0  startup_stm32f427xx.o(.text)
    TIM1_CC_IRQHandler                       0x080001e5   Thumb Code     0  startup_stm32f427xx.o(.text)
    TIM1_TRG_COM_TIM11_IRQHandler            0x080001e5   Thumb Code     0  startup_stm32f427xx.o(.text)
    TIM1_UP_TIM10_IRQHandler                 0x080001e5   Thumb Code     0  startup_stm32f427xx.o(.text)
    TIM2_IRQHandler                          0x080001e5   Thumb Code     0  startup_stm32f427xx.o(.text)
    TIM4_IRQHandler                          0x080001e5   Thumb Code     0  startup_stm32f427xx.o(.text)
    TIM5_IRQHandler                          0x080001e5   Thumb Code     0  startup_stm32f427xx.o(.text)
    TIM7_IRQHandler                          0x080001e5   Thumb Code     0  startup_stm32f427xx.o(.text)
    TIM8_BRK_TIM12_IRQHandler                0x080001e5   Thumb Code     0  startup_stm32f427xx.o(.text)
    TIM8_CC_IRQHandler                       0x080001e5   Thumb Code     0  startup_stm32f427xx.o(.text)
    TIM8_TRG_COM_TIM14_IRQHandler            0x080001e5   Thumb Code     0  startup_stm32f427xx.o(.text)
    TIM8_UP_TIM13_IRQHandler                 0x080001e5   Thumb Code     0  startup_stm32f427xx.o(.text)
    UART4_IRQHandler                         0x080001e5   Thumb Code     0  startup_stm32f427xx.o(.text)
    UART5_IRQHandler                         0x080001e5   Thumb Code     0  startup_stm32f427xx.o(.text)
    UART7_IRQHandler                         0x080001e5   Thumb Code     0  startup_stm32f427xx.o(.text)
    UART8_IRQHandler                         0x080001e5   Thumb Code     0  startup_stm32f427xx.o(.text)
    USART2_IRQHandler                        0x080001e5   Thumb Code     0  startup_stm32f427xx.o(.text)
    USART3_IRQHandler                        0x080001e5   Thumb Code     0  startup_stm32f427xx.o(.text)
    WWDG_IRQHandler                          0x080001e5   Thumb Code     0  startup_stm32f427xx.o(.text)
    __aeabi_f2d                              0x080001f5   Thumb Code    38  f2d.o(.text)
    __aeabi_cdrcmple                         0x0800021d   Thumb Code    48  cdrcmple.o(.text)
    __aeabi_d2f                              0x0800024d   Thumb Code    56  d2f.o(.text)
    __I$use$fp                               0x08000285   Thumb Code     0  iusefp.o(.text)
    _float_round                             0x08000285   Thumb Code    18  fepilogue.o(.text)
    _float_epilogue                          0x08000297   Thumb Code    92  fepilogue.o(.text)
    __scatterload                            0x080002f5   Thumb Code    28  init.o(.text)
    __scatterload_rt2                        0x080002f5   Thumb Code     0  init.o(.text)
    BusFault_Handler                         0x08000319   Thumb Code     4  stm32f4xx_it.o(i.BusFault_Handler)
    CAN1_Config                              0x0800031d   Thumb Code   264  can.o(i.CAN1_Config)
    CAN1_RX0_IRQHandler                      0x0800042d   Thumb Code    50  can.o(i.CAN1_RX0_IRQHandler)
    CAN1_TX_IRQHandler                       0x08000469   Thumb Code    22  can.o(i.CAN1_TX_IRQHandler)
    CAN_ClearFlag                            0x08000485   Thumb Code    52  stm32f4xx_can.o(i.CAN_ClearFlag)
    CAN_ClearITPendingBit                    0x080004bd   Thumb Code   162  stm32f4xx_can.o(i.CAN_ClearITPendingBit)
    CAN_FilterInit                           0x08000565   Thumb Code   258  stm32f4xx_can.o(i.CAN_FilterInit)
    CAN_GetITStatus                          0x0800066d   Thumb Code   284  stm32f4xx_can.o(i.CAN_GetITStatus)
    CAN_ITConfig                             0x0800078d   Thumb Code    18  stm32f4xx_can.o(i.CAN_ITConfig)
    CAN_Init                                 0x0800079f   Thumb Code   276  stm32f4xx_can.o(i.CAN_Init)
    CAN_Receive                              0x080008b3   Thumb Code   240  stm32f4xx_can.o(i.CAN_Receive)
    CAN_Transmit                             0x080009a3   Thumb Code   294  stm32f4xx_can.o(i.CAN_Transmit)
    DMA_ClearFlag                            0x08000add   Thumb Code    38  stm32f4xx_dma.o(i.DMA_ClearFlag)
    DMA_Cmd                                  0x08000b11   Thumb Code    22  stm32f4xx_dma.o(i.DMA_Cmd)
    DMA_DeInit                               0x08000b29   Thumb Code   324  stm32f4xx_dma.o(i.DMA_DeInit)
    DMA_DoubleBufferModeCmd                  0x08000c81   Thumb Code    22  stm32f4xx_dma.o(i.DMA_DoubleBufferModeCmd)
    DMA_DoubleBufferModeConfig               0x08000c97   Thumb Code    24  stm32f4xx_dma.o(i.DMA_DoubleBufferModeConfig)
    DMA_GetCurrDataCounter                   0x08000caf   Thumb Code     8  stm32f4xx_dma.o(i.DMA_GetCurrDataCounter)
    DMA_GetCurrentMemoryTarget               0x08000cb7   Thumb Code    20  stm32f4xx_dma.o(i.DMA_GetCurrentMemoryTarget)
    DMA_Init                                 0x08000ccd   Thumb Code    82  stm32f4xx_dma.o(i.DMA_Init)
    DMA_SetCurrDataCounter                   0x08000d25   Thumb Code     4  stm32f4xx_dma.o(i.DMA_SetCurrDataCounter)
    DebugMon_Handler                         0x08000d29   Thumb Code     2  stm32f4xx_it.o(i.DebugMon_Handler)
    GPIO_Init                                0x08000d2b   Thumb Code   144  stm32f4xx_gpio.o(i.GPIO_Init)
    GPIO_PinAFConfig                         0x08000dbb   Thumb Code    70  stm32f4xx_gpio.o(i.GPIO_PinAFConfig)
    GPIO_SetBits                             0x08000e01   Thumb Code     4  stm32f4xx_gpio.o(i.GPIO_SetBits)
    HardFault_Handler                        0x08000e05   Thumb Code     4  stm32f4xx_it.o(i.HardFault_Handler)
    LED_Config                               0x08000e09   Thumb Code    94  led.o(i.LED_Config)
    LED_Flow_Off                             0x08000e75   Thumb Code    14  led.o(i.LED_Flow_Off)
    LED_Grenn_Off                            0x08000e89   Thumb Code    14  led.o(i.LED_Grenn_Off)
    LED_Red_Off                              0x08000e9d   Thumb Code    14  led.o(i.LED_Red_Off)
    MemManage_Handler                        0x08000eb1   Thumb Code     4  stm32f4xx_it.o(i.MemManage_Handler)
    NMI_Handler                              0x08000eb5   Thumb Code     2  stm32f4xx_it.o(i.NMI_Handler)
    NVIC_Init                                0x08000eb9   Thumb Code   106  misc.o(i.NVIC_Init)
    NVIC_PriorityGroupConfig                 0x08000f31   Thumb Code    10  misc.o(i.NVIC_PriorityGroupConfig)
    PID_Calc                                 0x08000f45   Thumb Code   556  pid.o(i.PID_Calc)
    PID_Init                                 0x08001171   Thumb Code   228  pid.o(i.PID_Init)
    PID_SetIntSp                             0x08001259   Thumb Code    10  pid.o(i.PID_SetIntSp)
    PID_SetRef                               0x08001263   Thumb Code     6  pid.o(i.PID_SetRef)
    PWM_ServoInit                            0x08001269   Thumb Code    76  pwm.o(i.PWM_ServoInit)
    PWM_ServoSetVal                          0x080012b5   Thumb Code   280  pwm.o(i.PWM_ServoSetVal)
    PWM_TIM4_Config                          0x080013cd   Thumb Code   274  pwm.o(i.PWM_TIM4_Config)
    PowerControl_Config                      0x080014e9   Thumb Code    66  power_ctrl.o(i.PowerControl_Config)
    PowerControl_On                          0x08001531   Thumb Code    26  power_ctrl.o(i.PowerControl_On)
    RCC_AHB1PeriphClockCmd                   0x08001551   Thumb Code    26  stm32f4xx_rcc.o(i.RCC_AHB1PeriphClockCmd)
    RCC_APB1PeriphClockCmd                   0x08001571   Thumb Code    26  stm32f4xx_rcc.o(i.RCC_APB1PeriphClockCmd)
    RCC_APB1PeriphResetCmd                   0x08001591   Thumb Code    26  stm32f4xx_rcc.o(i.RCC_APB1PeriphResetCmd)
    RCC_APB2PeriphClockCmd                   0x080015b1   Thumb Code    26  stm32f4xx_rcc.o(i.RCC_APB2PeriphClockCmd)
    RCC_APB2PeriphResetCmd                   0x080015d1   Thumb Code    26  stm32f4xx_rcc.o(i.RCC_APB2PeriphResetCmd)
    RCC_GetClocksFreq                        0x080015f1   Thumb Code   214  stm32f4xx_rcc.o(i.RCC_GetClocksFreq)
    RC_Init                                  0x080016d9   Thumb Code   312  rc.o(i.RC_Init)
    RM_MotorCtrlCalc                         0x08001825   Thumb Code   338  rm_esc.o(i.RM_MotorCtrlCalc)
    RM_MotorEnable                           0x0800197d   Thumb Code    20  rm_esc.o(i.RM_MotorEnable)
    RM_MotorGetInfo                          0x08001995   Thumb Code   298  rm_esc.o(i.RM_MotorGetInfo)
    RM_MotorInit                             0x08001acd   Thumb Code   594  rm_esc.o(i.RM_MotorInit)
    RM_MotorSendCmd                          0x08001d4d   Thumb Code   120  rm_esc.o(i.RM_MotorSendCmd)
    RM_MotorSendCmd_auto                     0x08001dc9   Thumb Code   136  rm_esc.o(i.RM_MotorSendCmd_auto)
    RM_MotorSetVel                           0x08001e55   Thumb Code    74  rm_esc.o(i.RM_MotorSetVel)
    Remote_Config                            0x08001ea5   Thumb Code    16  remote.o(i.Remote_Config)
    SysTick_CLKSourceConfig                  0x080020b5   Thumb Code    40  misc.o(i.SysTick_CLKSourceConfig)
    SystemInit                               0x080020dd   Thumb Code    88  system_stm32f4xx.o(i.SystemInit)
    TASKS_Init                               0x08002145   Thumb Code   194  tasks.o(i.TASKS_Init)
    TASKS_Timer_H_1000hz                     0x08002225   Thumb Code    12  tasks.o(i.TASKS_Timer_H_1000hz)
    TASKS_Timer_H_100hz                      0x08002231   Thumb Code     2  tasks.o(i.TASKS_Timer_H_100hz)
    TASKS_Timer_H_10hz                       0x08002233   Thumb Code     2  tasks.o(i.TASKS_Timer_H_10hz)
    TASKS_Timer_H_1hz                        0x08002235   Thumb Code     2  tasks.o(i.TASKS_Timer_H_1hz)
    TASKS_Timer_H_50hz                       0x08002239   Thumb Code    20  tasks.o(i.TASKS_Timer_H_50hz)
    TASKS_Timer_L_1000hz                     0x08002251   Thumb Code     2  tasks.o(i.TASKS_Timer_L_1000hz)
    TASKS_Timer_L_100hz                      0x08002255   Thumb Code    10  tasks.o(i.TASKS_Timer_L_100hz)
    TASKS_Timer_L_10hz                       0x08002265   Thumb Code     2  tasks.o(i.TASKS_Timer_L_10hz)
    TASKS_Timer_L_1hz                        0x08002267   Thumb Code     2  tasks.o(i.TASKS_Timer_L_1hz)
    TASKS_Timer_L_50hz                       0x08002269   Thumb Code     2  tasks.o(i.TASKS_Timer_L_50hz)
    TASKS_While                              0x0800226b   Thumb Code     4  tasks.o(i.TASKS_While)
    TIM3_IRQHandler                          0x08002271   Thumb Code   136  timer.o(i.TIM3_IRQHandler)
    TIM3_Init                                0x08002301   Thumb Code   210  timer.o(i.TIM3_Init)
    TIM6_DAC_IRQHandler                      0x080023dd   Thumb Code   136  timer.o(i.TIM6_DAC_IRQHandler)
    TIM6_Init                                0x0800246d   Thumb Code   116  timer.o(i.TIM6_Init)
    TIM_ARRPreloadConfig                     0x080024e5   Thumb Code    24  stm32f4xx_tim.o(i.TIM_ARRPreloadConfig)
    TIM_ClearFlag                            0x080024fd   Thumb Code     6  stm32f4xx_tim.o(i.TIM_ClearFlag)
    TIM_Cmd                                  0x08002503   Thumb Code    24  stm32f4xx_tim.o(i.TIM_Cmd)
    TIM_CtrlPWMOutputs                       0x0800251b   Thumb Code    30  stm32f4xx_tim.o(i.TIM_CtrlPWMOutputs)
    TIM_DeInit                               0x08002539   Thumb Code   346  stm32f4xx_tim.o(i.TIM_DeInit)
    TIM_GetITStatus                          0x080026c9   Thumb Code    34  stm32f4xx_tim.o(i.TIM_GetITStatus)
    TIM_ITConfig                             0x080026eb   Thumb Code    18  stm32f4xx_tim.o(i.TIM_ITConfig)
    TIM_OC1Init                              0x080026fd   Thumb Code   114  stm32f4xx_tim.o(i.TIM_OC1Init)
    TIM_OC1PreloadConfig                     0x08002779   Thumb Code    18  stm32f4xx_tim.o(i.TIM_OC1PreloadConfig)
    TIM_OC2Init                              0x0800278d   Thumb Code   154  stm32f4xx_tim.o(i.TIM_OC2Init)
    TIM_OC2PreloadConfig                     0x08002831   Thumb Code    26  stm32f4xx_tim.o(i.TIM_OC2PreloadConfig)
    TIM_OC3Init                              0x0800284d   Thumb Code   150  stm32f4xx_tim.o(i.TIM_OC3Init)
    TIM_OC3PreloadConfig                     0x080028ed   Thumb Code    18  stm32f4xx_tim.o(i.TIM_OC3PreloadConfig)
    TIM_OC4Init                              0x08002901   Thumb Code   112  stm32f4xx_tim.o(i.TIM_OC4Init)
    TIM_OC4PreloadConfig                     0x08002979   Thumb Code    26  stm32f4xx_tim.o(i.TIM_OC4PreloadConfig)
    TIM_SetCompare1                          0x08002993   Thumb Code     4  stm32f4xx_tim.o(i.TIM_SetCompare1)
    TIM_SetCompare2                          0x08002997   Thumb Code     4  stm32f4xx_tim.o(i.TIM_SetCompare2)
    TIM_SetCompare3                          0x0800299b   Thumb Code     4  stm32f4xx_tim.o(i.TIM_SetCompare3)
    TIM_SetCompare4                          0x0800299f   Thumb Code     4  stm32f4xx_tim.o(i.TIM_SetCompare4)
    TIM_TimeBaseInit                         0x080029a5   Thumb Code   104  stm32f4xx_tim.o(i.TIM_TimeBaseInit)
    UART_AutoSend                            0x08002a29   Thumb Code    46  uart.o(i.UART_AutoSend)
    UART_GetReadyFlag                        0x08002a61   Thumb Code    20  uart.o(i.UART_GetReadyFlag)
    UART_ReadData                            0x08002a75   Thumb Code   348  uart.o(i.UART_ReadData)
    UART_SendArr_32b                         0x08002bdd   Thumb Code   158  uart.o(i.UART_SendArr_32b)
    UART_SetRxFrame                          0x08002c7b   Thumb Code    10  uart.o(i.UART_SetRxFrame)
    UART_SetTxFrame                          0x08002c85   Thumb Code    22  uart.o(i.UART_SetTxFrame)
    USART1_IRQHandler                        0x08002c9d   Thumb Code   204  remote.o(i.USART1_IRQHandler)
    USART6_IRQHandler                        0x08002d81   Thumb Code   124  uart.o(i.USART6_IRQHandler)
    USART6_Init                              0x08002e0d   Thumb Code   198  uart.o(i.USART6_Init)
    USART_ClearFlag                          0x08002edd   Thumb Code    18  stm32f4xx_usart.o(i.USART_ClearFlag)
    USART_ClearITPendingBit                  0x08002eef   Thumb Code    30  stm32f4xx_usart.o(i.USART_ClearITPendingBit)
    USART_Cmd                                0x08002f0d   Thumb Code    24  stm32f4xx_usart.o(i.USART_Cmd)
    USART_DMACmd                             0x08002f25   Thumb Code    18  stm32f4xx_usart.o(i.USART_DMACmd)
    USART_DeInit                             0x08002f39   Thumb Code   206  stm32f4xx_usart.o(i.USART_DeInit)
    USART_GetFlagStatus                      0x08003029   Thumb Code    26  stm32f4xx_usart.o(i.USART_GetFlagStatus)
    USART_GetITStatus                        0x08003043   Thumb Code    84  stm32f4xx_usart.o(i.USART_GetITStatus)
    USART_ITConfig                           0x08003097   Thumb Code    74  stm32f4xx_usart.o(i.USART_ITConfig)
    USART_Init                               0x080030e1   Thumb Code   204  stm32f4xx_usart.o(i.USART_Init)
    USART_ReceiveData                        0x080031b5   Thumb Code    10  stm32f4xx_usart.o(i.USART_ReceiveData)
    USART_SendData                           0x080031bf   Thumb Code     8  stm32f4xx_usart.o(i.USART_SendData)
    UsageFault_Handler                       0x080031c7   Thumb Code     4  stm32f4xx_it.o(i.UsageFault_Handler)
    _TASKS_ManualCtrl                        0x080031cd   Thumb Code   248  tasks.o(i._TASKS_ManualCtrl)
    __hardfp_fabs                            0x080032e1   Thumb Code    20  fabs.o(i.__hardfp_fabs)
    __scatterload_copy                       0x080032f5   Thumb Code    14  handlers.o(i.__scatterload_copy)
    __scatterload_null                       0x08003303   Thumb Code     2  handlers.o(i.__scatterload_null)
    __scatterload_zeroinit                   0x08003305   Thumb Code    14  handlers.o(i.__scatterload_zeroinit)
    abslimit                                 0x08003313   Thumb Code   108  pid_math.o(i.abslimit)
    deadband                                 0x08003381   Thumb Code   108  pid_math.o(i.deadband)
    delayInit                                0x080033f1   Thumb Code    44  delay.o(i.delayInit)
    get_remote_control_point                 0x08003425   Thumb Code     4  remote.o(i.get_remote_control_point)
    limit                                    0x0800342d   Thumb Code    42  pid_math.o(i.limit)
    main                                     0x08003457   Thumb Code    14  main.o(i.main)
    Region$$Table$$Base                      0x08003464   Number         0  anon$$obj.o(Region$$Table)
    Region$$Table$$Limit                     0x08003484   Number         0  anon$$obj.o(Region$$Table)
    DT7                                      0x20000010   Data           4  tasks.o(.data)
    Sevro_Trigger                            0x2000002c   Data          24  tasks.o(.bss)
    Uart2PC                                  0x20000044   Data         530  tasks.o(.bss)
    PC2Uart                                  0x20000256   Data         530  tasks.o(.bss)
    RM_Motor                                 0x200004c8   Data        1472  rm_esc.o(.bss)
    __initial_sp                             0x20000e88   Data           0  startup_stm32f427xx.o(STACK)



==============================================================================

Memory Map of the image

  Image Entry point : 0x080001ad

  Load Region LR_IROM1 (Base: 0x08000000, Size: 0x000034b0, Max: 0x00200000, ABSOLUTE)

    Execution Region ER_IROM1 (Exec base: 0x08000000, Load base: 0x08000000, Size: 0x00003484, Max: 0x00200000, ABSOLUTE)

    Exec Addr    Load Addr    Size         Type   Attr      Idx    E Section Name        Object

    0x08000000   0x08000000   0x000001ac   Data   RO            3    RESET               startup_stm32f427xx.o
    0x080001ac   0x080001ac   0x00000000   Code   RO         7439  * .ARM.Collect$$$$00000000  mc_w.l(entry.o)
    0x080001ac   0x080001ac   0x00000004   Code   RO         7509    .ARM.Collect$$$$00000001  mc_w.l(entry2.o)
    0x080001b0   0x080001b0   0x00000004   Code   RO         7512    .ARM.Collect$$$$00000004  mc_w.l(entry5.o)
    0x080001b4   0x080001b4   0x00000000   Code   RO         7514    .ARM.Collect$$$$00000008  mc_w.l(entry7b.o)
    0x080001b4   0x080001b4   0x00000000   Code   RO         7516    .ARM.Collect$$$$0000000A  mc_w.l(entry8b.o)
    0x080001b4   0x080001b4   0x00000008   Code   RO         7517    .ARM.Collect$$$$0000000B  mc_w.l(entry9a.o)
    0x080001bc   0x080001bc   0x00000000   Code   RO         7519    .ARM.Collect$$$$0000000D  mc_w.l(entry10a.o)
    0x080001bc   0x080001bc   0x00000000   Code   RO         7521    .ARM.Collect$$$$0000000F  mc_w.l(entry11a.o)
    0x080001bc   0x080001bc   0x00000004   Code   RO         7510    .ARM.Collect$$$$00002712  mc_w.l(entry2.o)
    0x080001c0   0x080001c0   0x00000034   Code   RO            4    .text               startup_stm32f427xx.o
    0x080001f4   0x080001f4   0x00000026   Code   RO         7472    .text               mf_w.l(f2d.o)
    0x0800021a   0x0800021a   0x00000002   PAD
    0x0800021c   0x0800021c   0x00000030   Code   RO         7474    .text               mf_w.l(cdrcmple.o)
    0x0800024c   0x0800024c   0x00000038   Code   RO         7476    .text               mf_w.l(d2f.o)
    0x08000284   0x08000284   0x00000000   Code   RO         7537    .text               mc_w.l(iusefp.o)
    0x08000284   0x08000284   0x0000006e   Code   RO         7538    .text               mf_w.l(fepilogue.o)
    0x080002f2   0x080002f2   0x00000002   PAD
    0x080002f4   0x080002f4   0x00000024   Code   RO         7548    .text               mc_w.l(init.o)
    0x08000318   0x08000318   0x00000004   Code   RO           13    i.BusFault_Handler  stm32f4xx_it.o
    0x0800031c   0x0800031c   0x00000110   Code   RO         6339    i.CAN1_Config       can.o
    0x0800042c   0x0800042c   0x0000003c   Code   RO         6340    i.CAN1_RX0_IRQHandler  can.o
    0x08000468   0x08000468   0x0000001c   Code   RO         6341    i.CAN1_TX_IRQHandler  can.o
    0x08000484   0x08000484   0x00000038   Code   RO          702    i.CAN_ClearFlag     stm32f4xx_can.o
    0x080004bc   0x080004bc   0x000000a8   Code   RO          703    i.CAN_ClearITPendingBit  stm32f4xx_can.o
    0x08000564   0x08000564   0x00000108   Code   RO          707    i.CAN_FilterInit    stm32f4xx_can.o
    0x0800066c   0x0800066c   0x00000120   Code   RO          709    i.CAN_GetITStatus   stm32f4xx_can.o
    0x0800078c   0x0800078c   0x00000012   Code   RO          713    i.CAN_ITConfig      stm32f4xx_can.o
    0x0800079e   0x0800079e   0x00000114   Code   RO          714    i.CAN_Init          stm32f4xx_can.o
    0x080008b2   0x080008b2   0x000000f0   Code   RO          717    i.CAN_Receive       stm32f4xx_can.o
    0x080009a2   0x080009a2   0x00000126   Code   RO          722    i.CAN_Transmit      stm32f4xx_can.o
    0x08000ac8   0x08000ac8   0x00000012   Code   RO          725    i.CheckITStatus     stm32f4xx_can.o
    0x08000ada   0x08000ada   0x00000002   PAD
    0x08000adc   0x08000adc   0x00000034   Code   RO         1480    i.DMA_ClearFlag     stm32f4xx_dma.o
    0x08000b10   0x08000b10   0x00000016   Code   RO         1482    i.DMA_Cmd           stm32f4xx_dma.o
    0x08000b26   0x08000b26   0x00000002   PAD
    0x08000b28   0x08000b28   0x00000158   Code   RO         1483    i.DMA_DeInit        stm32f4xx_dma.o
    0x08000c80   0x08000c80   0x00000016   Code   RO         1484    i.DMA_DoubleBufferModeCmd  stm32f4xx_dma.o
    0x08000c96   0x08000c96   0x00000018   Code   RO         1485    i.DMA_DoubleBufferModeConfig  stm32f4xx_dma.o
    0x08000cae   0x08000cae   0x00000008   Code   RO         1488    i.DMA_GetCurrDataCounter  stm32f4xx_dma.o
    0x08000cb6   0x08000cb6   0x00000014   Code   RO         1489    i.DMA_GetCurrentMemoryTarget  stm32f4xx_dma.o
    0x08000cca   0x08000cca   0x00000002   PAD
    0x08000ccc   0x08000ccc   0x00000058   Code   RO         1494    i.DMA_Init          stm32f4xx_dma.o
    0x08000d24   0x08000d24   0x00000004   Code   RO         1497    i.DMA_SetCurrDataCounter  stm32f4xx_dma.o
    0x08000d28   0x08000d28   0x00000002   Code   RO           14    i.DebugMon_Handler  stm32f4xx_it.o
    0x08000d2a   0x08000d2a   0x00000090   Code   RO         2327    i.GPIO_Init         stm32f4xx_gpio.o
    0x08000dba   0x08000dba   0x00000046   Code   RO         2328    i.GPIO_PinAFConfig  stm32f4xx_gpio.o
    0x08000e00   0x08000e00   0x00000004   Code   RO         2335    i.GPIO_SetBits      stm32f4xx_gpio.o
    0x08000e04   0x08000e04   0x00000004   Code   RO           15    i.HardFault_Handler  stm32f4xx_it.o
    0x08000e08   0x08000e08   0x0000006c   Code   RO         6566    i.LED_Config        led.o
    0x08000e74   0x08000e74   0x00000014   Code   RO         6567    i.LED_Flow_Off      led.o
    0x08000e88   0x08000e88   0x00000014   Code   RO         6571    i.LED_Grenn_Off     led.o
    0x08000e9c   0x08000e9c   0x00000014   Code   RO         6573    i.LED_Red_Off       led.o
    0x08000eb0   0x08000eb0   0x00000004   Code   RO           16    i.MemManage_Handler  stm32f4xx_it.o
    0x08000eb4   0x08000eb4   0x00000002   Code   RO           17    i.NMI_Handler       stm32f4xx_it.o
    0x08000eb6   0x08000eb6   0x00000002   PAD
    0x08000eb8   0x08000eb8   0x00000078   Code   RO          300    i.NVIC_Init         misc.o
    0x08000f30   0x08000f30   0x00000014   Code   RO          301    i.NVIC_PriorityGroupConfig  misc.o
    0x08000f44   0x08000f44   0x0000022c   Code   RO         6060    i.PID_Calc          pid.o
    0x08001170   0x08001170   0x000000e8   Code   RO         6061    i.PID_Init          pid.o
    0x08001258   0x08001258   0x0000000a   Code   RO         6062    i.PID_SetIntSp      pid.o
    0x08001262   0x08001262   0x00000006   Code   RO         6063    i.PID_SetRef        pid.o
    0x08001268   0x08001268   0x0000004c   Code   RO         6997    i.PWM_ServoInit     pwm.o
    0x080012b4   0x080012b4   0x00000118   Code   RO         6998    i.PWM_ServoSetVal   pwm.o
    0x080013cc   0x080013cc   0x0000011c   Code   RO         6999    i.PWM_TIM4_Config   pwm.o
    0x080014e8   0x080014e8   0x00000048   Code   RO         6648    i.PowerControl_Config  power_ctrl.o
    0x08001530   0x08001530   0x00000020   Code   RO         6650    i.PowerControl_On   power_ctrl.o
    0x08001550   0x08001550   0x00000020   Code   RO         3265    i.RCC_AHB1PeriphClockCmd  stm32f4xx_rcc.o
    0x08001570   0x08001570   0x00000020   Code   RO         3274    i.RCC_APB1PeriphClockCmd  stm32f4xx_rcc.o
    0x08001590   0x08001590   0x00000020   Code   RO         3276    i.RCC_APB1PeriphResetCmd  stm32f4xx_rcc.o
    0x080015b0   0x080015b0   0x00000020   Code   RO         3277    i.RCC_APB2PeriphClockCmd  stm32f4xx_rcc.o
    0x080015d0   0x080015d0   0x00000020   Code   RO         3279    i.RCC_APB2PeriphResetCmd  stm32f4xx_rcc.o
    0x080015f0   0x080015f0   0x000000e8   Code   RO         3286    i.RCC_GetClocksFreq  stm32f4xx_rcc.o
    0x080016d8   0x080016d8   0x0000014c   Code   RO         6698    i.RC_Init           rc.o
    0x08001824   0x08001824   0x00000158   Code   RO         7133    i.RM_MotorCtrlCalc  rm_esc.o
    0x0800197c   0x0800197c   0x00000018   Code   RO         7135    i.RM_MotorEnable    rm_esc.o
    0x08001994   0x08001994   0x00000138   Code   RO         7136    i.RM_MotorGetInfo   rm_esc.o
    0x08001acc   0x08001acc   0x00000280   Code   RO         7137    i.RM_MotorInit      rm_esc.o
    0x08001d4c   0x08001d4c   0x0000007c   Code   RO         7138    i.RM_MotorSendCmd   rm_esc.o
    0x08001dc8   0x08001dc8   0x0000008c   Code   RO         7139    i.RM_MotorSendCmd_auto  rm_esc.o
    0x08001e54   0x08001e54   0x00000050   Code   RO         7144    i.RM_MotorSetVel    rm_esc.o
    0x08001ea4   0x08001ea4   0x00000014   Code   RO         7035    i.Remote_Config     remote.o
    0x08001eb8   0x08001eb8   0x000000da   Code   RO         7036    i.SBUS_TO_RC        remote.o
    0x08001f92   0x08001f92   0x00000002   PAD
    0x08001f94   0x08001f94   0x00000120   Code   RO          259    i.SetSysClock       system_stm32f4xx.o
    0x080020b4   0x080020b4   0x00000028   Code   RO          304    i.SysTick_CLKSourceConfig  misc.o
    0x080020dc   0x080020dc   0x00000068   Code   RO          261    i.SystemInit        system_stm32f4xx.o
    0x08002144   0x08002144   0x000000e0   Code   RO         6150    i.TASKS_Init        tasks.o
    0x08002224   0x08002224   0x0000000c   Code   RO         6151    i.TASKS_Timer_H_1000hz  tasks.o
    0x08002230   0x08002230   0x00000002   Code   RO         6152    i.TASKS_Timer_H_100hz  tasks.o
    0x08002232   0x08002232   0x00000002   Code   RO         6153    i.TASKS_Timer_H_10hz  tasks.o
    0x08002234   0x08002234   0x00000002   Code   RO         6154    i.TASKS_Timer_H_1hz  tasks.o
    0x08002236   0x08002236   0x00000002   PAD
    0x08002238   0x08002238   0x00000018   Code   RO         6155    i.TASKS_Timer_H_50hz  tasks.o
    0x08002250   0x08002250   0x00000002   Code   RO         6156    i.TASKS_Timer_L_1000hz  tasks.o
    0x08002252   0x08002252   0x00000002   PAD
    0x08002254   0x08002254   0x00000010   Code   RO         6157    i.TASKS_Timer_L_100hz  tasks.o
    0x08002264   0x08002264   0x00000002   Code   RO         6158    i.TASKS_Timer_L_10hz  tasks.o
    0x08002266   0x08002266   0x00000002   Code   RO         6159    i.TASKS_Timer_L_1hz  tasks.o
    0x08002268   0x08002268   0x00000002   Code   RO         6160    i.TASKS_Timer_L_50hz  tasks.o
    0x0800226a   0x0800226a   0x00000004   Code   RO         6161    i.TASKS_While       tasks.o
    0x0800226e   0x0800226e   0x00000002   PAD
    0x08002270   0x08002270   0x00000090   Code   RO         6847    i.TIM3_IRQHandler   timer.o
    0x08002300   0x08002300   0x000000dc   Code   RO         6848    i.TIM3_Init         timer.o
    0x080023dc   0x080023dc   0x00000090   Code   RO         6849    i.TIM6_DAC_IRQHandler  timer.o
    0x0800246c   0x0800246c   0x00000078   Code   RO         6850    i.TIM6_Init         timer.o
    0x080024e4   0x080024e4   0x00000018   Code   RO         4652    i.TIM_ARRPreloadConfig  stm32f4xx_tim.o
    0x080024fc   0x080024fc   0x00000006   Code   RO         4658    i.TIM_ClearFlag     stm32f4xx_tim.o
    0x08002502   0x08002502   0x00000018   Code   RO         4664    i.TIM_Cmd           stm32f4xx_tim.o
    0x0800251a   0x0800251a   0x0000001e   Code   RO         4666    i.TIM_CtrlPWMOutputs  stm32f4xx_tim.o
    0x08002538   0x08002538   0x00000190   Code   RO         4669    i.TIM_DeInit        stm32f4xx_tim.o
    0x080026c8   0x080026c8   0x00000022   Code   RO         4685    i.TIM_GetITStatus   stm32f4xx_tim.o
    0x080026ea   0x080026ea   0x00000012   Code   RO         4689    i.TIM_ITConfig      stm32f4xx_tim.o
    0x080026fc   0x080026fc   0x0000007c   Code   RO         4693    i.TIM_OC1Init       stm32f4xx_tim.o
    0x08002778   0x08002778   0x00000012   Code   RO         4696    i.TIM_OC1PreloadConfig  stm32f4xx_tim.o
    0x0800278a   0x0800278a   0x00000002   PAD
    0x0800278c   0x0800278c   0x000000a4   Code   RO         4698    i.TIM_OC2Init       stm32f4xx_tim.o
    0x08002830   0x08002830   0x0000001a   Code   RO         4701    i.TIM_OC2PreloadConfig  stm32f4xx_tim.o
    0x0800284a   0x0800284a   0x00000002   PAD
    0x0800284c   0x0800284c   0x000000a0   Code   RO         4703    i.TIM_OC3Init       stm32f4xx_tim.o
    0x080028ec   0x080028ec   0x00000012   Code   RO         4706    i.TIM_OC3PreloadConfig  stm32f4xx_tim.o
    0x080028fe   0x080028fe   0x00000002   PAD
    0x08002900   0x08002900   0x00000078   Code   RO         4708    i.TIM_OC4Init       stm32f4xx_tim.o
    0x08002978   0x08002978   0x0000001a   Code   RO         4710    i.TIM_OC4PreloadConfig  stm32f4xx_tim.o
    0x08002992   0x08002992   0x00000004   Code   RO         4726    i.TIM_SetCompare1   stm32f4xx_tim.o
    0x08002996   0x08002996   0x00000004   Code   RO         4727    i.TIM_SetCompare2   stm32f4xx_tim.o
    0x0800299a   0x0800299a   0x00000004   Code   RO         4728    i.TIM_SetCompare3   stm32f4xx_tim.o
    0x0800299e   0x0800299e   0x00000004   Code   RO         4729    i.TIM_SetCompare4   stm32f4xx_tim.o
    0x080029a2   0x080029a2   0x00000002   PAD
    0x080029a4   0x080029a4   0x00000084   Code   RO         4736    i.TIM_TimeBaseInit  stm32f4xx_tim.o
    0x08002a28   0x08002a28   0x00000038   Code   RO         6895    i.UART_AutoSend     uart.o
    0x08002a60   0x08002a60   0x00000014   Code   RO         6896    i.UART_GetReadyFlag  uart.o
    0x08002a74   0x08002a74   0x00000168   Code   RO         6898    i.UART_ReadData     uart.o
    0x08002bdc   0x08002bdc   0x0000009e   Code   RO         6900    i.UART_SendArr_32b  uart.o
    0x08002c7a   0x08002c7a   0x0000000a   Code   RO         6903    i.UART_SetRxFrame   uart.o
    0x08002c84   0x08002c84   0x00000016   Code   RO         6904    i.UART_SetTxFrame   uart.o
    0x08002c9a   0x08002c9a   0x00000002   PAD
    0x08002c9c   0x08002c9c   0x000000e4   Code   RO         7037    i.USART1_IRQHandler  remote.o
    0x08002d80   0x08002d80   0x0000008c   Code   RO         6905    i.USART6_IRQHandler  uart.o
    0x08002e0c   0x08002e0c   0x000000d0   Code   RO         6906    i.USART6_Init       uart.o
    0x08002edc   0x08002edc   0x00000012   Code   RO         5214    i.USART_ClearFlag   stm32f4xx_usart.o
    0x08002eee   0x08002eee   0x0000001e   Code   RO         5215    i.USART_ClearITPendingBit  stm32f4xx_usart.o
    0x08002f0c   0x08002f0c   0x00000018   Code   RO         5218    i.USART_Cmd         stm32f4xx_usart.o
    0x08002f24   0x08002f24   0x00000012   Code   RO         5219    i.USART_DMACmd      stm32f4xx_usart.o
    0x08002f36   0x08002f36   0x00000002   PAD
    0x08002f38   0x08002f38   0x000000f0   Code   RO         5220    i.USART_DeInit      stm32f4xx_usart.o
    0x08003028   0x08003028   0x0000001a   Code   RO         5221    i.USART_GetFlagStatus  stm32f4xx_usart.o
    0x08003042   0x08003042   0x00000054   Code   RO         5222    i.USART_GetITStatus  stm32f4xx_usart.o
    0x08003096   0x08003096   0x0000004a   Code   RO         5224    i.USART_ITConfig    stm32f4xx_usart.o
    0x080030e0   0x080030e0   0x000000d4   Code   RO         5225    i.USART_Init        stm32f4xx_usart.o
    0x080031b4   0x080031b4   0x0000000a   Code   RO         5232    i.USART_ReceiveData  stm32f4xx_usart.o
    0x080031be   0x080031be   0x00000008   Code   RO         5235    i.USART_SendData    stm32f4xx_usart.o
    0x080031c6   0x080031c6   0x00000004   Code   RO           18    i.UsageFault_Handler  stm32f4xx_it.o
    0x080031ca   0x080031ca   0x00000002   PAD
    0x080031cc   0x080031cc   0x00000114   Code   RO         6162    i._TASKS_ManualCtrl  tasks.o
    0x080032e0   0x080032e0   0x00000014   Code   RO         7421    i.__hardfp_fabs     m_wm.l(fabs.o)
    0x080032f4   0x080032f4   0x0000000e   Code   RO         7562    i.__scatterload_copy  mc_w.l(handlers.o)
    0x08003302   0x08003302   0x00000002   Code   RO         7563    i.__scatterload_null  mc_w.l(handlers.o)
    0x08003304   0x08003304   0x0000000e   Code   RO         7564    i.__scatterload_zeroinit  mc_w.l(handlers.o)
    0x08003312   0x08003312   0x0000006c   Code   RO         6096    i.abslimit          pid_math.o
    0x0800337e   0x0800337e   0x00000002   PAD
    0x08003380   0x08003380   0x00000070   Code   RO         6097    i.deadband          pid_math.o
    0x080033f0   0x080033f0   0x00000034   Code   RO         6384    i.delayInit         delay.o
    0x08003424   0x08003424   0x00000008   Code   RO         7038    i.get_remote_control_point  remote.o
    0x0800342c   0x0800342c   0x0000002a   Code   RO         6098    i.limit             pid_math.o
    0x08003456   0x08003456   0x0000000e   Code   RO         6123    i.main              main.o
    0x08003464   0x08003464   0x00000020   Data   RO         7560    Region$$Table       anon$$obj.o


    Execution Region RW_IRAM1 (Exec base: 0x20000000, Load base: 0x08003484, Size: 0x00000e88, Max: 0x00030000, ABSOLUTE)

    Exec Addr    Load Addr    Size         Type   Attr      Idx    E Section Name        Object

    0x20000000   0x08003484   0x00000010   Data   RW         3318    .data               stm32f4xx_rcc.o
    0x20000010   0x08003494   0x00000006   Data   RW         6164    .data               tasks.o
    0x20000016   0x0800349a   0x00000002   PAD
    0x20000018   0x0800349c   0x00000008   Data   RW         6388    .data               delay.o
    0x20000020   0x080034a4   0x00000004   Data   RW         6851    .data               timer.o
    0x20000024   0x080034a8   0x00000004   Data   RW         6907    .data               uart.o
    0x20000028   0x080034ac   0x00000002   Data   RW         7042    .data               remote.o
    0x2000002a   0x080034ae   0x00000002   PAD
    0x2000002c        -       0x0000043c   Zero   RW         6163    .bss                tasks.o
    0x20000468        -       0x0000005e   Zero   RW         7041    .bss                remote.o
    0x200004c6   0x080034ae   0x00000002   PAD
    0x200004c8        -       0x000005c0   Zero   RW         7145    .bss                rm_esc.o
    0x20000a88        -       0x00000400   Zero   RW            1    STACK               startup_stm32f427xx.o


==============================================================================

Image component sizes


      Code (inc. data)   RO Data    RW Data    ZI Data      Debug   Object Name

       360         24          0          0          0       2157   can.o
        52          8          0          8          0        780   delay.o
       168         32          0          0          0       2126   led.o
        14          0          0          0          0        491   main.o
       180         24          0          0          0     316005   misc.o
       804          4          0          0          0       4074   pid.o
       262          4          0          0          0       2162   pid_math.o
       104         12          0          0          0       1256   power_ctrl.o
       640         10          0          0          0       2768   pwm.o
       332         20          0          0          0       1318   rc.o
       474         32          0          2         94       2847   remote.o
      1664         84          0          0       1472       6190   rm_esc.o
        52         14        428          0       1024        872   startup_stm32f427xx.o
      1622         20          0          0          0       7030   stm32f4xx_can.o
       584         40          0          0          0       6692   stm32f4xx_dma.o
       218          0          0          0          0       2302   stm32f4xx_gpio.o
        20          0          0          0          0     309815   stm32f4xx_it.o
       392         48          0         16          0       5821   stm32f4xx_rcc.o
      1340        120          0          0          0      13055   stm32f4xx_tim.o
       744         42          0          0          0       7951   stm32f4xx_usart.o
       392         32          0          0          0       1593   system_stm32f4xx.o
       570         68          0          6       1084       7993   tasks.o
       628         30          0          4          0       2780   timer.o
       974         58          0          4          0       5867   uart.o

    ----------------------------------------------------------------------
     12622        726        460         44       3676     713945   Object Totals
         0          0         32          0          0          0   (incl. Generated)
        32          0          0          4          2          0   (incl. Padding)

    ----------------------------------------------------------------------

      Code (inc. data)   RO Data    RW Data    ZI Data      Debug   Library Member Name

        20          0          0          0          0        124   fabs.o
         0          0          0          0          0          0   entry.o
         0          0          0          0          0          0   entry10a.o
         0          0          0          0          0          0   entry11a.o
         8          4          0          0          0          0   entry2.o
         4          0          0          0          0          0   entry5.o
         0          0          0          0          0          0   entry7b.o
         0          0          0          0          0          0   entry8b.o
         8          4          0          0          0          0   entry9a.o
        30          0          0          0          0          0   handlers.o
        36          8          0          0          0         68   init.o
         0          0          0          0          0          0   iusefp.o
        48          0          0          0          0         68   cdrcmple.o
        56          0          0          0          0         88   d2f.o
        38          0          0          0          0         68   f2d.o
       110          0          0          0          0        168   fepilogue.o

    ----------------------------------------------------------------------
       362         16          0          0          0        584   Library Totals
         4          0          0          0          0          0   (incl. Padding)

    ----------------------------------------------------------------------

      Code (inc. data)   RO Data    RW Data    ZI Data      Debug   Library Name

        20          0          0          0          0        124   m_wm.l
        86         16          0          0          0         68   mc_w.l
       252          0          0          0          0        392   mf_w.l

    ----------------------------------------------------------------------
       362         16          0          0          0        584   Library Totals

    ----------------------------------------------------------------------

==============================================================================


      Code (inc. data)   RO Data    RW Data    ZI Data      Debug   

     12984        742        460         44       3676     702829   Grand Totals
     12984        742        460         44       3676     702829   ELF Image Totals
     12984        742        460         44          0          0   ROM Totals

==============================================================================

    Total RO  Size (Code + RO Data)                13444 (  13.13kB)
    Total RW  Size (RW Data + ZI Data)              3720 (   3.63kB)
    Total ROM Size (Code + RO Data + RW Data)      13488 (  13.17kB)

==============================================================================

